Archive member included to satisfy reference by file (symbol)

c:/st/stm32cubeide_1.11.2/stm32cubeide/plugins/com.st.stm32cube.ide.mcu.externaltools.gnu-tools-for-stm32.10.3-2021.10.win32_1.0.100.202210260954/tools/bin/../lib/gcc/arm-none-eabi/10.3.1/../../../../arm-none-eabi/lib/thumb/v7e-m+fp/hard\libstdc++_nano.a(del_ops.o)
                              ./Core/Src/GPIO_.o (operator delete(void*, unsigned int))
c:/st/stm32cubeide_1.11.2/stm32cubeide/plugins/com.st.stm32cube.ide.mcu.externaltools.gnu-tools-for-stm32.10.3-2021.10.win32_1.0.100.202210260954/tools/bin/../lib/gcc/arm-none-eabi/10.3.1/../../../../arm-none-eabi/lib/thumb/v7e-m+fp/hard\libstdc++_nano.a(eh_alloc.o)
                              ./Core/Src/Port.o (__cxa_allocate_exception)
c:/st/stm32cubeide_1.11.2/stm32cubeide/plugins/com.st.stm32cube.ide.mcu.externaltools.gnu-tools-for-stm32.10.3-2021.10.win32_1.0.100.202210260954/tools/bin/../lib/gcc/arm-none-eabi/10.3.1/../../../../arm-none-eabi/lib/thumb/v7e-m+fp/hard\libstdc++_nano.a(eh_arm.o)
                              ./Core/Src/Pin.o (__cxa_end_cleanup)
c:/st/stm32cubeide_1.11.2/stm32cubeide/plugins/com.st.stm32cube.ide.mcu.externaltools.gnu-tools-for-stm32.10.3-2021.10.win32_1.0.100.202210260954/tools/bin/../lib/gcc/arm-none-eabi/10.3.1/../../../../arm-none-eabi/lib/thumb/v7e-m+fp/hard\libstdc++_nano.a(eh_catch.o)
                              ./Core/Src/Port.o (__cxa_begin_catch)
c:/st/stm32cubeide_1.11.2/stm32cubeide/plugins/com.st.stm32cube.ide.mcu.externaltools.gnu-tools-for-stm32.10.3-2021.10.win32_1.0.100.202210260954/tools/bin/../lib/gcc/arm-none-eabi/10.3.1/../../../../arm-none-eabi/lib/thumb/v7e-m+fp/hard\libstdc++_nano.a(eh_exception.o)
                              c:/st/stm32cubeide_1.11.2/stm32cubeide/plugins/com.st.stm32cube.ide.mcu.externaltools.gnu-tools-for-stm32.10.3-2021.10.win32_1.0.100.202210260954/tools/bin/../lib/gcc/arm-none-eabi/10.3.1/../../../../arm-none-eabi/lib/thumb/v7e-m+fp/hard\libstdc++_nano.a(eh_arm.o) (typeinfo for __cxxabiv1::__forced_unwind)
c:/st/stm32cubeide_1.11.2/stm32cubeide/plugins/com.st.stm32cube.ide.mcu.externaltools.gnu-tools-for-stm32.10.3-2021.10.win32_1.0.100.202210260954/tools/bin/../lib/gcc/arm-none-eabi/10.3.1/../../../../arm-none-eabi/lib/thumb/v7e-m+fp/hard\libstdc++_nano.a(eh_globals.o)
                              c:/st/stm32cubeide_1.11.2/stm32cubeide/plugins/com.st.stm32cube.ide.mcu.externaltools.gnu-tools-for-stm32.10.3-2021.10.win32_1.0.100.202210260954/tools/bin/../lib/gcc/arm-none-eabi/10.3.1/../../../../arm-none-eabi/lib/thumb/v7e-m+fp/hard\libstdc++_nano.a(eh_catch.o) (__cxa_get_globals_fast)
c:/st/stm32cubeide_1.11.2/stm32cubeide/plugins/com.st.stm32cube.ide.mcu.externaltools.gnu-tools-for-stm32.10.3-2021.10.win32_1.0.100.202210260954/tools/bin/../lib/gcc/arm-none-eabi/10.3.1/../../../../arm-none-eabi/lib/thumb/v7e-m+fp/hard\libstdc++_nano.a(eh_personality.o)
                              ./Core/Src/Pin.o (__gxx_personality_v0)
c:/st/stm32cubeide_1.11.2/stm32cubeide/plugins/com.st.stm32cube.ide.mcu.externaltools.gnu-tools-for-stm32.10.3-2021.10.win32_1.0.100.202210260954/tools/bin/../lib/gcc/arm-none-eabi/10.3.1/../../../../arm-none-eabi/lib/thumb/v7e-m+fp/hard\libstdc++_nano.a(eh_terminate.o)
                              c:/st/stm32cubeide_1.11.2/stm32cubeide/plugins/com.st.stm32cube.ide.mcu.externaltools.gnu-tools-for-stm32.10.3-2021.10.win32_1.0.100.202210260954/tools/bin/../lib/gcc/arm-none-eabi/10.3.1/../../../../arm-none-eabi/lib/thumb/v7e-m+fp/hard\libstdc++_nano.a(eh_alloc.o) (std::terminate())
c:/st/stm32cubeide_1.11.2/stm32cubeide/plugins/com.st.stm32cube.ide.mcu.externaltools.gnu-tools-for-stm32.10.3-2021.10.win32_1.0.100.202210260954/tools/bin/../lib/gcc/arm-none-eabi/10.3.1/../../../../arm-none-eabi/lib/thumb/v7e-m+fp/hard\libstdc++_nano.a(eh_throw.o)
                              ./Core/Src/Port.o (__cxa_throw)
c:/st/stm32cubeide_1.11.2/stm32cubeide/plugins/com.st.stm32cube.ide.mcu.externaltools.gnu-tools-for-stm32.10.3-2021.10.win32_1.0.100.202210260954/tools/bin/../lib/gcc/arm-none-eabi/10.3.1/../../../../arm-none-eabi/lib/thumb/v7e-m+fp/hard\libstdc++_nano.a(eh_unex_handler.o)
                              c:/st/stm32cubeide_1.11.2/stm32cubeide/plugins/com.st.stm32cube.ide.mcu.externaltools.gnu-tools-for-stm32.10.3-2021.10.win32_1.0.100.202210260954/tools/bin/../lib/gcc/arm-none-eabi/10.3.1/../../../../arm-none-eabi/lib/thumb/v7e-m+fp/hard\libstdc++_nano.a(eh_terminate.o) (__cxxabiv1::__unexpected_handler)
c:/st/stm32cubeide_1.11.2/stm32cubeide/plugins/com.st.stm32cube.ide.mcu.externaltools.gnu-tools-for-stm32.10.3-2021.10.win32_1.0.100.202210260954/tools/bin/../lib/gcc/arm-none-eabi/10.3.1/../../../../arm-none-eabi/lib/thumb/v7e-m+fp/hard\libstdc++_nano.a(fundamental_type_info.o)
                              ./Core/Src/Port.o (typeinfo for unsigned char)
[...]
Memory Configuration

Name             Origin             Length             Attributes
CCMRAM           0x0000000010000000 0x0000000000002000 xrw
RAM              0x0000000020000000 0x000000000000a000 xrw
FLASH            0x0000000008000000 0x0000000000040000 xr
*default*        0x0000000000000000 0xffffffffffffffff

Linker script and memory map

LOAD c:/st/stm32cubeide_1.11.2/stm32cubeide/plugins/com.st.stm32cube.ide.mcu.externaltools.gnu-tools-for-stm32.10.3-2021.10.win32_1.0.100.202210260954/tools/bin/../lib/gcc/arm-none-eabi/10.3.1/thumb/v7e-m+fp/hard/crti.o
LOAD c:/st/stm32cubeide_1.11.2/stm32cubeide/plugins/com.st.stm32cube.ide.mcu.externaltools.gnu-tools-for-stm32.10.3-2021.10.win32_1.0.100.202210260954/tools/bin/../lib/gcc/arm-none-eabi/10.3.1/thumb/v7e-m+fp/hard/crtbegin.o
LOAD c:/st/stm32cubeide_1.11.2/stm32cubeide/plugins/com.st.stm32cube.ide.mcu.externaltools.gnu-tools-for-stm32.10.3-2021.10.win32_1.0.100.202210260954/tools/bin/../lib/gcc/arm-none-eabi/10.3.1/../../../../arm-none-eabi/lib/thumb/v7e-m+fp/hard/crt0.o
LOAD ./Core/Src/GPIO_.o
LOAD ./Core/Src/IO.o
LOAD ./Core/Src/Peripheral.o
LOAD ./Core/Src/Pin.o
LOAD ./Core/Src/PinList.o
LOAD ./Core/Src/Port.o
LOAD ./Core/Src/gpio.o
LOAD ./Core/Src/i2c.o
LOAD ./Core/Src/main.o
LOAD ./Core/Src/spi.o
LOAD ./Core/Src/stm32f3xx_hal_msp.o
LOAD ./Core/Src/stm32f3xx_it.o
LOAD ./Core/Src/syscalls.o
LOAD ./Core/Src/sysmem.o
LOAD ./Core/Src/system_stm32f3xx.o
LOAD ./Core/Src/usb.o
LOAD ./Core/Startup/startup_stm32f303vctx.o
LOAD ./Drivers/STM32F3xx_HAL_Driver/Src/stm32f3xx_hal.o
LOAD ./Drivers/STM32F3xx_HAL_Driver/Src/stm32f3xx_hal_cortex.o
LOAD ./Drivers/STM32F3xx_HAL_Driver/Src/stm32f3xx_hal_dma.o
LOAD ./Drivers/STM32F3xx_HAL_Driver/Src/stm32f3xx_hal_exti.o
LOAD ./Drivers/STM32F3xx_HAL_Driver/Src/stm32f3xx_hal_flash.o
LOAD ./Drivers/STM32F3xx_HAL_Driver/Src/stm32f3xx_hal_flash_ex.o
LOAD ./Drivers/STM32F3xx_HAL_Driver/Src/stm32f3xx_hal_gpio.o
LOAD ./Drivers/STM32F3xx_HAL_Driver/Src/stm32f3xx_hal_i2c.o
LOAD ./Drivers/STM32F3xx_HAL_Driver/Src/stm32f3xx_hal_i2c_ex.o
LOAD ./Drivers/STM32F3xx_HAL_Driver/Src/stm32f3xx_hal_pcd.o
LOAD ./Drivers/STM32F3xx_HAL_Driver/Src/stm32f3xx_hal_pcd_ex.o
LOAD ./Drivers/STM32F3xx_HAL_Driver/Src/stm32f3xx_hal_pwr.o
LOAD ./Drivers/STM32F3xx_HAL_Driver/Src/stm32f3xx_hal_pwr_ex.o
LOAD ./Drivers/STM32F3xx_HAL_Driver/Src/stm32f3xx_hal_rcc.o
LOAD ./Drivers/STM32F3xx_HAL_Driver/Src/stm32f3xx_hal_rcc_ex.o
LOAD ./Drivers/STM32F3xx_HAL_Driver/Src/stm32f3xx_hal_spi.o
LOAD ./Drivers/STM32F3xx_HAL_Driver/Src/stm32f3xx_hal_spi_ex.o
LOAD ./Drivers/STM32F3xx_HAL_Driver/Src/stm32f3xx_hal_tim.o
LOAD ./Drivers/STM32F3xx_HAL_Driver/Src/stm32f3xx_hal_tim_ex.o
LOAD ./Drivers/STM32F3xx_HAL_Driver/Src/stm32f3xx_ll_usb.o
START GROUP
LOAD c:/st/stm32cubeide_1.11.2/stm32cubeide/plugins/com.st.stm32cube.ide.mcu.externaltools.gnu-tools-for-stm32.10.3-2021.10.win32_1.0.100.202210260954/tools/bin/../lib/gcc/arm-none-eabi/10.3.1/../../../../arm-none-eabi/lib/thumb/v7e-m+fp/hard\libstdc++_nano.a
LOAD c:/st/stm32cubeide_1.11.2/stm32cubeide/plugins/com.st.stm32cube.ide.mcu.externaltools.gnu-tools-for-stm32.10.3-2021.10.win32_1.0.100.202210260954/tools/bin/../lib/gcc/arm-none-eabi/10.3.1/../../../../arm-none-eabi/lib/thumb/v7e-m+fp/hard\libsupc++_nano.a
END GROUP
LOAD c:/st/stm32cubeide_1.11.2/stm32cubeide/plugins/com.st.stm32cube.ide.mcu.externaltools.gnu-tools-for-stm32.10.3-2021.10.win32_1.0.100.202210260954/tools/bin/../lib/gcc/arm-none-eabi/10.3.1/../../../../arm-none-eabi/lib/thumb/v7e-m+fp/hard\libstdc++_nano.a
LOAD c:/st/stm32cubeide_1.11.2/stm32cubeide/plugins/com.st.stm32cube.ide.mcu.externaltools.gnu-tools-for-stm32.10.3-2021.10.win32_1.0.100.202210260954/tools/bin/../lib/gcc/arm-none-eabi/10.3.1/../../../../arm-none-eabi/lib/thumb/v7e-m+fp/hard\libm.a
LOAD c:/st/stm32cubeide_1.11.2/stm32cubeide/plugins/com.st.stm32cube.ide.mcu.externaltools.gnu-tools-for-stm32.10.3-2021.10.win32_1.0.100.202210260954/tools/bin/../lib/gcc/arm-none-eabi/10.3.1/../../../../arm-none-eabi/lib/thumb/v7e-m+fp/hard\libc_nano.a
START GROUP
LOAD c:/st/stm32cubeide_1.11.2/stm32cubeide/plugins/com.st.stm32cube.ide.mcu.externaltools.gnu-tools-for-stm32.10.3-2021.10.win32_1.0.100.202210260954/tools/bin/../lib/gcc/arm-none-eabi/10.3.1/thumb/v7e-m+fp/hard\libgcc.a
LOAD c:/st/stm32cubeide_1.11.2/stm32cubeide/plugins/com.st.stm32cube.ide.mcu.externaltools.gnu-tools-for-stm32.10.3-2021.10.win32_1.0.100.202210260954/tools/bin/../lib/gcc/arm-none-eabi/10.3.1/../../../../arm-none-eabi/lib/thumb/v7e-m+fp/hard\libc_nano.a
END GROUP
START GROUP
LOAD c:/st/stm32cubeide_1.11.2/stm32cubeide/plugins/com.st.stm32cube.ide.mcu.externaltools.gnu-tools-for-stm32.10.3-2021.10.win32_1.0.100.202210260954/tools/bin/../lib/gcc/arm-none-eabi/10.3.1/thumb/v7e-m+fp/hard\libgcc.a
LOAD c:/st/stm32cubeide_1.11.2/stm32cubeide/plugins/com.st.stm32cube.ide.mcu.externaltools.gnu-tools-for-stm32.10.3-2021.10.win32_1.0.100.202210260954/tools/bin/../lib/gcc/arm-none-eabi/10.3.1/../../../../arm-none-eabi/lib/thumb/v7e-m+fp/hard\libc_nano.a
LOAD c:/st/stm32cubeide_1.11.2/stm32cubeide/plugins/com.st.stm32cube.ide.mcu.externaltools.gnu-tools-for-stm32.10.3-2021.10.win32_1.0.100.202210260954/tools/bin/../lib/gcc/arm-none-eabi/10.3.1/../../../../arm-none-eabi/lib/thumb/v7e-m+fp/hard\libnosys.a
END GROUP
START GROUP
LOAD c:/st/stm32cubeide_1.11.2/stm32cubeide/plugins/com.st.stm32cube.ide.mcu.externaltools.gnu-tools-for-stm32.10.3-2021.10.win32_1.0.100.202210260954/tools/bin/../lib/gcc/arm-none-eabi/10.3.1/thumb/v7e-m+fp/hard\libgcc.a
LOAD c:/st/stm32cubeide_1.11.2/stm32cubeide/plugins/com.st.stm32cube.ide.mcu.externaltools.gnu-tools-for-stm32.10.3-2021.10.win32_1.0.100.202210260954/tools/bin/../lib/gcc/arm-none-eabi/10.3.1/../../../../arm-none-eabi/lib/thumb/v7e-m+fp/hard\libc_nano.a
LOAD c:/st/stm32cubeide_1.11.2/stm32cubeide/plugins/com.st.stm32cube.ide.mcu.externaltools.gnu-tools-for-stm32.10.3-2021.10.win32_1.0.100.202210260954/tools/bin/../lib/gcc/arm-none-eabi/10.3.1/../../../../arm-none-eabi/lib/thumb/v7e-m+fp/hard\libnosys.a
END GROUP
LOAD c:/st/stm32cubeide_1.11.2/stm32cubeide/plugins/com.st.stm32cube.ide.mcu.externaltools.gnu-tools-for-stm32.10.3-2021.10.win32_1.0.100.202210260954/tools/bin/../lib/gcc/arm-none-eabi/10.3.1/thumb/v7e-m+fp/hard/crtend.o
LOAD c:/st/stm32cubeide_1.11.2/stm32cubeide/plugins/com.st.stm32cube.ide.mcu.externaltools.gnu-tools-for-stm32.10.3-2021.10.win32_1.0.100.202210260954/tools/bin/../lib/gcc/arm-none-eabi/10.3.1/thumb/v7e-m+fp/hard/crtn.o
                0x000000002000a000                _estack = (ORIGIN (RAM) + LENGTH (RAM))
                0x0000000000000400                _Min_Heap_Size = 0x400
                0x0000000000000800                _Min_Stack_Size = 0x800

.isr_vector     0x0000000008000000      0x188
                0x0000000008000000                . = ALIGN (0x4)
 *(.isr_vector)
 .isr_vector    0x0000000008000000      0x188 ./Core/Startup/startup_stm32f303vctx.o
                0x0000000008000000                g_pfnVectors
                0x0000000008000188                . = ALIGN (0x4)

.text           0x0000000008000188     0x4e9c
                0x0000000008000188                . = ALIGN (0x4)
 *(.text)
 .text          0x0000000008000188       0x40 c:/st/stm32cubeide_1.11.2/stm32cubeide/plugins/com.st.stm32cube.ide.mcu.externaltools.gnu-tools-for-stm32.10.3-2021.10.win32_1.0.100.202210260954/tools/bin/../lib/gcc/arm-none-eabi/10.3.1/thumb/v7e-m+fp/hard/crtbegin.o
 .text          0x00000000080001c8       0x14 c:/st/stm32cubeide_1.11.2/stm32cubeide/plugins/com.st.stm32cube.ide.mcu.externaltools.gnu-tools-for-stm32.10.3-2021.10.win32_1.0.100.202210260954/tools/bin/../lib/gcc/arm-none-eabi/10.3.1/../../../../arm-none-eabi/lib/thumb/v7e-m+fp/hard\libc_nano.a(lib_a-strcmp.o)
                0x00000000080001c8                strcmp
 .text          0x00000000080001dc      0x9d8 c:/st/stm32cubeide_1.11.2/stm32cubeide/plugins/com.st.stm32cube.ide.mcu.externaltools.gnu-tools-for-stm32.10.3-2021.10.win32_1.0.100.202210260954/tools/bin/../lib/gcc/arm-none-eabi/10.3.1/thumb/v7e-m+fp/hard\libgcc.a(unwind-arm.o)
                0x0000000008000484                _Unwind_GetCFA
                0x0000000008000488                __gnu_Unwind_RaiseException
                0x00000000080004f0                __gnu_Unwind_ForcedUnwind
                0x0000000008000500                __gnu_Unwind_Resume
                0x0000000008000544                __gnu_Unwind_Resume_or_Rethrow
                0x0000000008000554                _Unwind_Complete
                0x0000000008000558                _Unwind_DeleteException
                0x0000000008000564                _Unwind_VRS_Get
                0x00000000080005b0                _Unwind_VRS_Set
                0x00000000080005f8                __gnu_Unwind_Backtrace
                0x0000000008000924                __aeabi_unwind_cpp_pr0
                0x0000000008000928                __aeabi_unwind_cpp_pr1
                0x000000000800092c                __aeabi_unwind_cpp_pr2
                0x0000000008000930                _Unwind_VRS_Pop
 .text          0x0000000008000bb4      0x1ac c:/st/stm32cubeide_1.11.2/stm32cubeide/plugins/com.st.stm32cube.ide.mcu.externaltools.gnu-tools-for-stm32.10.3-2021.10.win32_1.0.100.202210260954/tools/bin/../lib/gcc/arm-none-eabi/10.3.1/thumb/v7e-m+fp/hard\libgcc.a(libunwind.o)
                0x0000000008000bb4                __restore_core_regs
                0x0000000008000bb4                restore_core_regs
                0x0000000008000bcc                __gnu_Unwind_Restore_VFP
                0x0000000008000bd4                __gnu_Unwind_Save_VFP
                0x0000000008000bdc                __gnu_Unwind_Restore_VFP_D
                0x0000000008000be4                __gnu_Unwind_Save_VFP_D
                0x0000000008000bec                __gnu_Unwind_Restore_VFP_D_16_to_31
                0x0000000008000bf4                __gnu_Unwind_Save_VFP_D_16_to_31
                0x0000000008000bfc                __gnu_Unwind_Restore_WMMXD
                0x0000000008000c40                __gnu_Unwind_Save_WMMXD
                0x0000000008000c84                __gnu_Unwind_Restore_WMMXC
                0x0000000008000c98                __gnu_Unwind_Save_WMMXC
                0x0000000008000cac                ___Unwind_RaiseException
                0x0000000008000cac                _Unwind_RaiseException
                0x0000000008000cd0                _Unwind_Resume
                0x0000000008000cd0                ___Unwind_Resume
                0x0000000008000cf4                _Unwind_Resume_or_Rethrow
                0x0000000008000cf4                ___Unwind_Resume_or_Rethrow
                0x0000000008000d18                _Unwind_ForcedUnwind
                0x0000000008000d18                ___Unwind_ForcedUnwind
                0x0000000008000d3c                ___Unwind_Backtrace
                0x0000000008000d3c                _Unwind_Backtrace
 .text          0x0000000008000d60      0x350 c:/st/stm32cubeide_1.11.2/stm32cubeide/plugins/com.st.stm32cube.ide.mcu.externaltools.gnu-tools-for-stm32.10.3-2021.10.win32_1.0.100.202210260954/tools/bin/../lib/gcc/arm-none-eabi/10.3.1/thumb/v7e-m+fp/hard\libgcc.a(pr-support.o)
                0x0000000008000db8                __gnu_unwind_execute
                0x0000000008001064                __gnu_unwind_frame
                0x0000000008001090                _Unwind_GetRegionStart
                0x000000000800109c                _Unwind_GetLanguageSpecificData
 *(.text*)
 .text._ZN5stm324GPIOC2Ev
                0x00000000080010b0       0x24 ./Core/Src/GPIO_.o
                0x00000000080010b0                stm32::GPIO::GPIO()
                0x00000000080010b0                stm32::GPIO::GPIO()
 .text._ZN5stm324GPIOD2Ev
                0x00000000080010d4       0x24 ./Core/Src/GPIO_.o
                0x00000000080010d4                stm32::GPIO::~GPIO()
                0x00000000080010d4                stm32::GPIO::~GPIO()
 .text._ZN5stm324GPIOD0Ev
                0x00000000080010f8       0x20 ./Core/Src/GPIO_.o
                0x00000000080010f8                stm32::GPIO::~GPIO()
 .text._ZN5stm3210PeripheralC2Ev
                0x0000000008001118       0x20 ./Core/Src/Peripheral.o
                0x0000000008001118                stm32::Peripheral::Peripheral()
                0x0000000008001118                stm32::Peripheral::Peripheral()
 .text._ZN5stm3210PeripheralD2Ev
                0x0000000008001138       0x20 ./Core/Src/Peripheral.o
                0x0000000008001138                stm32::Peripheral::~Peripheral()
                0x0000000008001138                stm32::Peripheral::~Peripheral()
 .text._ZN5stm3210PeripheralD0Ev
                0x0000000008001158       0x20 ./Core/Src/Peripheral.o
                0x0000000008001158                stm32::Peripheral::~Peripheral()
 .text._ZN5stm323PinC2EP12GPIO_TypeDeft
                0x0000000008001178       0x4c ./Core/Src/Pin.o
                0x0000000008001178                stm32::Pin::Pin(GPIO_TypeDef*, unsigned short)
                0x0000000008001178                stm32::Pin::Pin(GPIO_TypeDef*, unsigned short)
 .text._ZN5stm323Pin6setPinEt
                0x00000000080011c4       0x1e ./Core/Src/Pin.o
                0x00000000080011c4                stm32::Pin::setPin(unsigned short)
 .text._ZN5stm323Pin6getPinEv
                0x00000000080011e2       0x18 ./Core/Src/Pin.o
                0x00000000080011e2                stm32::Pin::getPin()
 .text._ZN5stm323Pin8writePinE5State
                0x00000000080011fa       0x4c ./Core/Src/Pin.o
                0x00000000080011fa                stm32::Pin::writePin(State)
 .text._ZN5stm323PinaSE5State
                0x0000000008001246       0x1e ./Core/Src/Pin.o
                0x0000000008001246                stm32::Pin::operator=(State)
 .text._ZN5stm323Pin9togglePinEv
                0x0000000008001264       0x50 ./Core/Src/Pin.o
                0x0000000008001264                stm32::Pin::togglePin()
 .text._ZN5stm323PinntEv
                0x00000000080012b4       0x16 ./Core/Src/Pin.o
                0x00000000080012b4                stm32::Pin::operator!()
 .text._ZN5stm323Pin7readPinEv
                0x00000000080012ca       0x30 ./Core/Src/Pin.o
                0x00000000080012ca                stm32::Pin::readPin()
 *fill*         0x00000000080012fa        0x2 
 .text._ZN5stm323PinD2Ev
                0x00000000080012fc       0x24 ./Core/Src/Pin.o
                0x00000000080012fc                stm32::Pin::~Pin()
                0x00000000080012fc                stm32::Pin::~Pin()
 .text._ZN5stm323PinD0Ev
                0x0000000008001320       0x20 ./Core/Src/Pin.o
                0x0000000008001320                stm32::Pin::~Pin()
 .text._ZN5stm327PinListC2EPNS_3PinEi
                0x0000000008001340       0x30 ./Core/Src/PinList.o
                0x0000000008001340                stm32::PinList::PinList(stm32::Pin*, int)
                0x0000000008001340                stm32::PinList::PinList(stm32::Pin*, int)
 .text._ZN5stm327PinList9setPinMapEPNS_3PinE
                0x0000000008001370       0x1c ./Core/Src/PinList.o
                0x0000000008001370                stm32::PinList::setPinMap(stm32::Pin*)
 .text._ZN5stm327PinList9getPinMapEv
                0x000000000800138c       0x18 ./Core/Src/PinList.o
                0x000000000800138c                stm32::PinList::getPinMap()
 .text._ZN5stm327PinList10setSizeMapEi
                0x00000000080013a4       0x1c ./Core/Src/PinList.o
                0x00000000080013a4                stm32::PinList::setSizeMap(int)
 .text._ZN5stm327PinList10getSizeMapEv
                0x00000000080013c0       0x18 ./Core/Src/PinList.o
                0x00000000080013c0                stm32::PinList::getSizeMap()
 .text._ZN5stm327PinList8writeMapEP5State
                0x00000000080013d8       0x58 ./Core/Src/PinList.o
                0x00000000080013d8                stm32::PinList::writeMap(State*)
 .text._ZN5stm327PinListaSEP5State
                0x0000000008001430       0x1a ./Core/Src/PinList.o
                0x0000000008001430                stm32::PinList::operator=(State*)
 .text._ZN5stm327PinList14readMapWithKeyEi
                0x000000000800144a       0x2e ./Core/Src/PinList.o
                0x000000000800144a                stm32::PinList::readMapWithKey(int)
 .text._ZN5stm327PinListixEi
                0x0000000008001478       0x1c ./Core/Src/PinList.o
                0x0000000008001478                stm32::PinList::operator[](int)
 .text._ZN5stm327PinListD2Ev
                0x0000000008001494       0x20 ./Core/Src/PinList.o
                0x0000000008001494                stm32::PinList::~PinList()
                0x0000000008001494                stm32::PinList::~PinList()
 .text._ZN5stm327PinListD0Ev
                0x00000000080014b4       0x20 ./Core/Src/PinList.o
                0x00000000080014b4                stm32::PinList::~PinList()
 .text._ZN5stm324PortC2Ev
                0x00000000080014d4       0x24 ./Core/Src/Port.o
                0x00000000080014d4                stm32::Port::Port()
                0x00000000080014d4                stm32::Port::Port()
 .text._ZN5stm324Port7setPortEP12GPIO_TypeDef
                0x00000000080014f8       0x1c ./Core/Src/Port.o
                0x00000000080014f8                stm32::Port::setPort(GPIO_TypeDef*)
 .text._ZN5stm324Port7getPortEv
                0x0000000008001514       0x18 ./Core/Src/Port.o
                0x0000000008001514                stm32::Port::getPort()
 .text._ZN5stm324Port9writePortEt
                0x000000000800152c       0x2a ./Core/Src/Port.o
                0x000000000800152c                stm32::Port::writePort(unsigned short)
 .text._ZN5stm324PortaSEt
                0x0000000008001556       0x1e ./Core/Src/Port.o
                0x0000000008001556                stm32::Port::operator=(unsigned short)
 .text._ZN5stm324Port10togglePortEv
                0x0000000008001574       0x38 ./Core/Src/Port.o
                0x0000000008001574                stm32::Port::togglePort()
 .text._ZN5stm324PortntEv
                0x00000000080015ac       0x16 ./Core/Src/Port.o
                0x00000000080015ac                stm32::Port::operator!()
 *fill*         0x00000000080015c2        0x2 
 .text._ZN5stm324PortD2Ev
                0x00000000080015c4       0x24 ./Core/Src/Port.o
                0x00000000080015c4                stm32::Port::~Port()
                0x00000000080015c4                stm32::Port::~Port()
 .text._ZN5stm324PortD0Ev
                0x00000000080015e8       0x20 ./Core/Src/Port.o
                0x00000000080015e8                stm32::Port::~Port()
 .text.MX_GPIO_Init
                0x0000000008001608       0xe4 ./Core/Src/gpio.o
                0x0000000008001608                MX_GPIO_Init
 .text.MX_I2C1_Init
                0x00000000080016ec       0x80 ./Core/Src/i2c.o
                0x00000000080016ec                MX_I2C1_Init
 .text.HAL_I2C_MspInit
                0x000000000800176c       0x88 ./Core/Src/i2c.o
                0x000000000800176c                HAL_I2C_MspInit
 .text._ZN5stm3210PeripheralC2ERKS0_
                0x00000000080017f4       0x24 ./Core/Src/main.o
                0x00000000080017f4                stm32::Peripheral::Peripheral(stm32::Peripheral const&)
                0x00000000080017f4                stm32::Peripheral::Peripheral(stm32::Peripheral const&)
 .text._ZN5stm324GPIOC2ERKS0_
                0x0000000008001818       0x2c ./Core/Src/main.o
                0x0000000008001818                stm32::GPIO::GPIO(stm32::GPIO const&)
                0x0000000008001818                stm32::GPIO::GPIO(stm32::GPIO const&)
 .text._ZN5stm324PortC2ERKS0_
                0x0000000008001844       0x34 ./Core/Src/main.o
                0x0000000008001844                stm32::Port::Port(stm32::Port const&)
                0x0000000008001844                stm32::Port::Port(stm32::Port const&)
 .text._ZN5stm323PinC2ERKS0_
                0x0000000008001878       0x34 ./Core/Src/main.o
                0x0000000008001878                stm32::Pin::Pin(stm32::Pin const&)
                0x0000000008001878                stm32::Pin::Pin(stm32::Pin const&)
 .text.main     0x00000000080018ac      0x22c ./Core/Src/main.o
                0x00000000080018ac                main
 .text._Z18SystemClock_Configv
                0x0000000008001ad8       0xe0 ./Core/Src/main.o
                0x0000000008001ad8                SystemClock_Config()
 .text.Error_Handler
                0x0000000008001bb8        0xa ./Core/Src/main.o
                0x0000000008001bb8                Error_Handler
 *fill*         0x0000000008001bc2        0x2 
 .text.MX_SPI1_Init
                0x0000000008001bc4       0x7c ./Core/Src/spi.o
                0x0000000008001bc4                MX_SPI1_Init
 .text.HAL_SPI_MspInit
                0x0000000008001c40       0x84 ./Core/Src/spi.o
                0x0000000008001c40                HAL_SPI_MspInit
 .text.HAL_MspInit
                0x0000000008001cc4       0x48 ./Core/Src/stm32f3xx_hal_msp.o
                0x0000000008001cc4                HAL_MspInit
 .text.NMI_Handler
                0x0000000008001d0c        0x6 ./Core/Src/stm32f3xx_it.o
                0x0000000008001d0c                NMI_Handler
 .text.HardFault_Handler
                0x0000000008001d12        0x6 ./Core/Src/stm32f3xx_it.o
                0x0000000008001d12                HardFault_Handler
 .text.MemManage_Handler
                0x0000000008001d18        0x6 ./Core/Src/stm32f3xx_it.o
                0x0000000008001d18                MemManage_Handler
 .text.BusFault_Handler
                0x0000000008001d1e        0x6 ./Core/Src/stm32f3xx_it.o
                0x0000000008001d1e                BusFault_Handler
 .text.UsageFault_Handler
                0x0000000008001d24        0x6 ./Core/Src/stm32f3xx_it.o
                0x0000000008001d24                UsageFault_Handler
 .text.SVC_Handler
                0x0000000008001d2a        0xe ./Core/Src/stm32f3xx_it.o
                0x0000000008001d2a                SVC_Handler
 .text.DebugMon_Handler
                0x0000000008001d38        0xe ./Core/Src/stm32f3xx_it.o
                0x0000000008001d38                DebugMon_Handler
 .text.PendSV_Handler
                0x0000000008001d46        0xe ./Core/Src/stm32f3xx_it.o
                0x0000000008001d46                PendSV_Handler
 .text.SysTick_Handler
                0x0000000008001d54        0xc ./Core/Src/stm32f3xx_it.o
                0x0000000008001d54                SysTick_Handler
 .text._getpid  0x0000000008001d60       0x10 ./Core/Src/syscalls.o
                0x0000000008001d60                _getpid
 .text._kill    0x0000000008001d70       0x20 ./Core/Src/syscalls.o
                0x0000000008001d70                _kill
 .text._exit    0x0000000008001d90       0x14 ./Core/Src/syscalls.o
                0x0000000008001d90                _exit
 .text._sbrk    0x0000000008001da4       0x6c ./Core/Src/sysmem.o
                0x0000000008001da4                _sbrk
 .text.SystemInit
                0x0000000008001e10       0x24 ./Core/Src/system_stm32f3xx.o
                0x0000000008001e10                SystemInit
 .text.MX_USB_PCD_Init
                0x0000000008001e34       0x44 ./Core/Src/usb.o
                0x0000000008001e34                MX_USB_PCD_Init
 .text.HAL_PCD_MspInit
                0x0000000008001e78       0x88 ./Core/Src/usb.o
                0x0000000008001e78                HAL_PCD_MspInit
 .text.Reset_Handler
                0x0000000008001f00       0x50 ./Core/Startup/startup_stm32f303vctx.o
                0x0000000008001f00                Reset_Handler
 .text.Default_Handler
                0x0000000008001f50        0x2 ./Core/Startup/startup_stm32f303vctx.o
                0x0000000008001f50                RTC_Alarm_IRQHandler
                0x0000000008001f50                TIM8_TRG_COM_IRQHandler
                0x0000000008001f50                TIM8_CC_IRQHandler
                0x0000000008001f50                TIM1_CC_IRQHandler
                0x0000000008001f50                USB_HP_IRQHandler
                0x0000000008001f50                PVD_IRQHandler
                0x0000000008001f50                TAMP_STAMP_IRQHandler
                0x0000000008001f50                EXTI3_IRQHandler
                0x0000000008001f50                USB_HP_CAN_TX_IRQHandler
                0x0000000008001f50                EXTI0_IRQHandler
                0x0000000008001f50                I2C2_EV_IRQHandler
                0x0000000008001f50                FPU_IRQHandler
                0x0000000008001f50                TIM1_UP_TIM16_IRQHandler
                0x0000000008001f50                ADC1_2_IRQHandler
                0x0000000008001f50                SPI1_IRQHandler
                0x0000000008001f50                CAN_SCE_IRQHandler
                0x0000000008001f50                TIM6_DAC_IRQHandler
                0x0000000008001f50                TIM8_UP_IRQHandler
                0x0000000008001f50                DMA2_Channel2_IRQHandler
                0x0000000008001f50                DMA1_Channel4_IRQHandler
                0x0000000008001f50                USART3_IRQHandler
                0x0000000008001f50                DMA1_Channel7_IRQHandler
                0x0000000008001f50                UART5_IRQHandler
                0x0000000008001f50                ADC3_IRQHandler
                0x0000000008001f50                TIM4_IRQHandler
                0x0000000008001f50                CAN_RX1_IRQHandler
                0x0000000008001f50                DMA2_Channel1_IRQHandler
                0x0000000008001f50                I2C1_EV_IRQHandler
                0x0000000008001f50                DMA1_Channel6_IRQHandler
                0x0000000008001f50                UART4_IRQHandler
                0x0000000008001f50                DMA2_Channel4_IRQHandler
                0x0000000008001f50                TIM3_IRQHandler
                0x0000000008001f50                RCC_IRQHandler
                0x0000000008001f50                DMA1_Channel1_IRQHandler
                0x0000000008001f50                Default_Handler
                0x0000000008001f50                USBWakeUp_RMP_IRQHandler
                0x0000000008001f50                EXTI15_10_IRQHandler
                0x0000000008001f50                TIM7_IRQHandler
                0x0000000008001f50                EXTI9_5_IRQHandler
                0x0000000008001f50                RTC_WKUP_IRQHandler
                0x0000000008001f50                SPI2_IRQHandler
                0x0000000008001f50                USB_LP_CAN_RX0_IRQHandler
                0x0000000008001f50                DMA2_Channel5_IRQHandler
                0x0000000008001f50                DMA1_Channel5_IRQHandler
                0x0000000008001f50                USB_LP_IRQHandler
                0x0000000008001f50                EXTI4_IRQHandler
                0x0000000008001f50                TIM1_TRG_COM_TIM17_IRQHandler
                0x0000000008001f50                DMA1_Channel3_IRQHandler
                0x0000000008001f50                ADC4_IRQHandler
                0x0000000008001f50                WWDG_IRQHandler
                0x0000000008001f50                TIM2_IRQHandler
                0x0000000008001f50                COMP7_IRQHandler
                0x0000000008001f50                COMP1_2_3_IRQHandler
                0x0000000008001f50                EXTI1_IRQHandler
                0x0000000008001f50                USART2_IRQHandler
                0x0000000008001f50                COMP4_5_6_IRQHandler
                0x0000000008001f50                I2C2_ER_IRQHandler
                0x0000000008001f50                DMA1_Channel2_IRQHandler
                0x0000000008001f50                TIM8_BRK_IRQHandler
                0x0000000008001f50                FLASH_IRQHandler
                0x0000000008001f50                USART1_IRQHandler
                0x0000000008001f50                SPI3_IRQHandler
                0x0000000008001f50                I2C1_ER_IRQHandler
                0x0000000008001f50                USBWakeUp_IRQHandler
                0x0000000008001f50                DMA2_Channel3_IRQHandler
                0x0000000008001f50                EXTI2_TSC_IRQHandler
                0x0000000008001f50                TIM1_BRK_TIM15_IRQHandler
 *fill*         0x0000000008001f52        0x2 
 .text.HAL_Init
                0x0000000008001f54       0x2c ./Drivers/STM32F3xx_HAL_Driver/Src/stm32f3xx_hal.o
                0x0000000008001f54                HAL_Init
 .text.HAL_InitTick
                0x0000000008001f80       0x60 ./Drivers/STM32F3xx_HAL_Driver/Src/stm32f3xx_hal.o
                0x0000000008001f80                HAL_InitTick
 .text.HAL_IncTick
                0x0000000008001fe0       0x28 ./Drivers/STM32F3xx_HAL_Driver/Src/stm32f3xx_hal.o
                0x0000000008001fe0                HAL_IncTick
 .text.HAL_GetTick
                0x0000000008002008       0x18 ./Drivers/STM32F3xx_HAL_Driver/Src/stm32f3xx_hal.o
                0x0000000008002008                HAL_GetTick
 .text.HAL_Delay
                0x0000000008002020       0x48 ./Drivers/STM32F3xx_HAL_Driver/Src/stm32f3xx_hal.o
                0x0000000008002020                HAL_Delay
 .text.__NVIC_SetPriorityGrouping
                0x0000000008002068       0x48 ./Drivers/STM32F3xx_HAL_Driver/Src/stm32f3xx_hal_cortex.o
 .text.__NVIC_GetPriorityGrouping
                0x00000000080020b0       0x1c ./Drivers/STM32F3xx_HAL_Driver/Src/stm32f3xx_hal_cortex.o
 .text.__NVIC_SetPriority
                0x00000000080020cc       0x54 ./Drivers/STM32F3xx_HAL_Driver/Src/stm32f3xx_hal_cortex.o
 .text.NVIC_EncodePriority
                0x0000000008002120       0x66 ./Drivers/STM32F3xx_HAL_Driver/Src/stm32f3xx_hal_cortex.o
 *fill*         0x0000000008002186        0x2 
 .text.SysTick_Config
                0x0000000008002188       0x44 ./Drivers/STM32F3xx_HAL_Driver/Src/stm32f3xx_hal_cortex.o
 .text.HAL_NVIC_SetPriorityGrouping
                0x00000000080021cc       0x16 ./Drivers/STM32F3xx_HAL_Driver/Src/stm32f3xx_hal_cortex.o
                0x00000000080021cc                HAL_NVIC_SetPriorityGrouping
 .text.HAL_NVIC_SetPriority
                0x00000000080021e2       0x38 ./Drivers/STM32F3xx_HAL_Driver/Src/stm32f3xx_hal_cortex.o
                0x00000000080021e2                HAL_NVIC_SetPriority
 .text.HAL_SYSTICK_Config
                0x000000000800221a       0x18 ./Drivers/STM32F3xx_HAL_Driver/Src/stm32f3xx_hal_cortex.o
                0x000000000800221a                HAL_SYSTICK_Config
 *fill*         0x0000000008002232        0x2 
 .text.HAL_GPIO_Init
                0x0000000008002234      0x2f4 ./Drivers/STM32F3xx_HAL_Driver/Src/stm32f3xx_hal_gpio.o
                0x0000000008002234                HAL_GPIO_Init
 .text.HAL_GPIO_WritePin
                0x0000000008002528       0x30 ./Drivers/STM32F3xx_HAL_Driver/Src/stm32f3xx_hal_gpio.o
                0x0000000008002528                HAL_GPIO_WritePin
 .text.HAL_I2C_Init
                0x0000000008002558      0x11e ./Drivers/STM32F3xx_HAL_Driver/Src/stm32f3xx_hal_i2c.o
                0x0000000008002558                HAL_I2C_Init
 .text.HAL_I2CEx_ConfigAnalogFilter
                0x0000000008002676       0x96 ./Drivers/STM32F3xx_HAL_Driver/Src/stm32f3xx_hal_i2c_ex.o
                0x0000000008002676                HAL_I2CEx_ConfigAnalogFilter
 .text.HAL_I2CEx_ConfigDigitalFilter
                0x000000000800270c       0x98 ./Drivers/STM32F3xx_HAL_Driver/Src/stm32f3xx_hal_i2c_ex.o
                0x000000000800270c                HAL_I2CEx_ConfigDigitalFilter
 .text.HAL_PCD_Init
                0x00000000080027a4      0x1a4 ./Drivers/STM32F3xx_HAL_Driver/Src/stm32f3xx_hal_pcd.o
                0x00000000080027a4                HAL_PCD_Init
 .text.HAL_RCC_OscConfig
                0x0000000008002948     0x107c ./Drivers/STM32F3xx_HAL_Driver/Src/stm32f3xx_hal_rcc.o
                0x0000000008002948                HAL_RCC_OscConfig
 .text.HAL_RCC_ClockConfig
                0x00000000080039c4      0x2f8 ./Drivers/STM32F3xx_HAL_Driver/Src/stm32f3xx_hal_rcc.o
                0x00000000080039c4                HAL_RCC_ClockConfig
 .text.HAL_RCC_GetSysClockFreq
                0x0000000008003cbc       0xd4 ./Drivers/STM32F3xx_HAL_Driver/Src/stm32f3xx_hal_rcc.o
                0x0000000008003cbc                HAL_RCC_GetSysClockFreq
 .text.HAL_RCCEx_PeriphCLKConfig
                0x0000000008003d90      0x360 ./Drivers/STM32F3xx_HAL_Driver/Src/stm32f3xx_hal_rcc_ex.o
                0x0000000008003d90                HAL_RCCEx_PeriphCLKConfig
 .text.HAL_SPI_Init
                0x00000000080040f0      0x156 ./Drivers/STM32F3xx_HAL_Driver/Src/stm32f3xx_hal_spi.o
                0x00000000080040f0                HAL_SPI_Init
 .text.USB_DisableGlobalInt
                0x0000000008004246       0x36 ./Drivers/STM32F3xx_HAL_Driver/Src/stm32f3xx_ll_usb.o
                0x0000000008004246                USB_DisableGlobalInt
 .text.USB_DevInit
                0x000000000800427c       0x42 ./Drivers/STM32F3xx_HAL_Driver/Src/stm32f3xx_ll_usb.o
                0x000000000800427c                USB_DevInit
 .text._ZdlPvj  0x00000000080042be        0x4 c:/st/stm32cubeide_1.11.2/stm32cubeide/plugins/com.st.stm32cube.ide.mcu.externaltools.gnu-tools-for-stm32.10.3-2021.10.win32_1.0.100.202210260954/tools/bin/../lib/gcc/arm-none-eabi/10.3.1/../../../../arm-none-eabi/lib/thumb/v7e-m+fp/hard\libstdc++_nano.a(del_ops.o)
                0x00000000080042be                operator delete(void*, unsigned int)
 *fill*         0x00000000080042c2        0x2 
 .text.startup._GLOBAL__sub_I__ZN9__gnu_cxx9__freeresEv
                0x00000000080042c4       0x28 c:/st/stm32cubeide_1.11.2/stm32cubeide/plugins/com.st.stm32cube.ide.mcu.externaltools.gnu-tools-for-stm32.10.3-2021.10.win32_1.0.100.202210260954/tools/bin/../lib/gcc/arm-none-eabi/10.3.1/../../../../arm-none-eabi/lib/thumb/v7e-m+fp/hard\libstdc++_nano.a(eh_alloc.o)
 .text.__cxa_end_cleanup
                0x00000000080042ec        0xc c:/st/stm32cubeide_1.11.2/stm32cubeide/plugins/com.st.stm32cube.ide.mcu.externaltools.gnu-tools-for-stm32.10.3-2021.10.win32_1.0.100.202210260954/tools/bin/../lib/gcc/arm-none-eabi/10.3.1/../../../../arm-none-eabi/lib/thumb/v7e-m+fp/hard\libstdc++_nano.a(eh_arm.o)
                0x00000000080042ec                __cxa_end_cleanup
 .text._ZN10__cxxabiv1L24__is_gxx_exception_classEPc
                0x00000000080042f8       0x3a c:/st/stm32cubeide_1.11.2/stm32cubeide/plugins/com.st.stm32cube.ide.mcu.externaltools.gnu-tools-for-stm32.10.3-2021.10.win32_1.0.100.202210260954/tools/bin/../lib/gcc/arm-none-eabi/10.3.1/../../../../arm-none-eabi/lib/thumb/v7e-m+fp/hard\libstdc++_nano.a(eh_arm.o)
 *fill*         0x0000000008004332        0x2 
 .text.__cxa_type_match
                0x0000000008004334       0xbc c:/st/stm32cubeide_1.11.2/stm32cubeide/plugins/com.st.stm32cube.ide.mcu.externaltools.gnu-tools-for-stm32.10.3-2021.10.win32_1.0.100.202210260954/tools/bin/../lib/gcc/arm-none-eabi/10.3.1/../../../../arm-none-eabi/lib/thumb/v7e-m+fp/hard\libstdc++_nano.a(eh_arm.o)
                0x0000000008004334                __cxa_type_match
 .text.__cxa_begin_cleanup
                0x00000000080043f0       0x3a c:/st/stm32cubeide_1.11.2/stm32cubeide/plugins/com.st.stm32cube.ide.mcu.externaltools.gnu-tools-for-stm32.10.3-2021.10.win32_1.0.100.202210260954/tools/bin/../lib/gcc/arm-none-eabi/10.3.1/../../../../arm-none-eabi/lib/thumb/v7e-m+fp/hard\libstdc++_nano.a(eh_arm.o)
                0x00000000080043f0                __cxa_begin_cleanup
 .text.__gnu_end_cleanup
                0x000000000800442a       0x32 c:/st/stm32cubeide_1.11.2/stm32cubeide/plugins/com.st.stm32cube.ide.mcu.externaltools.gnu-tools-for-stm32.10.3-2021.10.win32_1.0.100.202210260954/tools/bin/../lib/gcc/arm-none-eabi/10.3.1/../../../../arm-none-eabi/lib/thumb/v7e-m+fp/hard\libstdc++_nano.a(eh_arm.o)
                0x000000000800442a                __gnu_end_cleanup
 .text._ZN10__cxxabiv1L24__is_gxx_exception_classEPc
                0x000000000800445c       0x3a c:/st/stm32cubeide_1.11.2/stm32cubeide/plugins/com.st.stm32cube.ide.mcu.externaltools.gnu-tools-for-stm32.10.3-2021.10.win32_1.0.100.202210260954/tools/bin/../lib/gcc/arm-none-eabi/10.3.1/../../../../arm-none-eabi/lib/thumb/v7e-m+fp/hard\libstdc++_nano.a(eh_catch.o)
 .text.__cxa_begin_catch
                0x0000000008004496       0x52 c:/st/stm32cubeide_1.11.2/stm32cubeide/plugins/com.st.stm32cube.ide.mcu.externaltools.gnu-tools-for-stm32.10.3-2021.10.win32_1.0.100.202210260954/tools/bin/../lib/gcc/arm-none-eabi/10.3.1/../../../../arm-none-eabi/lib/thumb/v7e-m+fp/hard\libstdc++_nano.a(eh_catch.o)
                0x0000000008004496                __cxa_begin_catch
 .text.__cxa_get_globals
                0x00000000080044e8        0x8 c:/st/stm32cubeide_1.11.2/stm32cubeide/plugins/com.st.stm32cube.ide.mcu.externaltools.gnu-tools-for-stm32.10.3-2021.10.win32_1.0.100.202210260954/tools/bin/../lib/gcc/arm-none-eabi/10.3.1/../../../../arm-none-eabi/lib/thumb/v7e-m+fp/hard\libstdc++_nano.a(eh_globals.o)
                0x00000000080044e8                __cxa_get_globals
 .text._ZL12read_uleb128PKhPm
                0x00000000080044f0       0x1e c:/st/stm32cubeide_1.11.2/stm32cubeide/plugins/com.st.stm32cube.ide.mcu.externaltools.gnu-tools-for-stm32.10.3-2021.10.win32_1.0.100.202210260954/tools/bin/../lib/gcc/arm-none-eabi/10.3.1/../../../../arm-none-eabi/lib/thumb/v7e-m+fp/hard\libstdc++_nano.a(eh_personality.o)
 .text._ZL12read_sleb128PKhPl
                0x000000000800450e       0x30 c:/st/stm32cubeide_1.11.2/stm32cubeide/plugins/com.st.stm32cube.ide.mcu.externaltools.gnu-tools-for-stm32.10.3-2021.10.win32_1.0.100.202210260954/tools/bin/../lib/gcc/arm-none-eabi/10.3.1/../../../../arm-none-eabi/lib/thumb/v7e-m+fp/hard\libstdc++_nano.a(eh_personality.o)
 .text._ZL28read_encoded_value_with_basehjPKhPj
                0x000000000800453e       0x8c c:/st/stm32cubeide_1.11.2/stm32cubeide/plugins/com.st.stm32cube.ide.mcu.externaltools.gnu-tools-for-stm32.10.3-2021.10.win32_1.0.100.202210260954/tools/bin/../lib/gcc/arm-none-eabi/10.3.1/../../../../arm-none-eabi/lib/thumb/v7e-m+fp/hard\libstdc++_nano.a(eh_personality.o)
 .text._ZL21base_of_encoded_valuehP15_Unwind_Context
                0x00000000080045ca       0x48 c:/st/stm32cubeide_1.11.2/stm32cubeide/plugins/com.st.stm32cube.ide.mcu.externaltools.gnu-tools-for-stm32.10.3-2021.10.win32_1.0.100.202210260954/tools/bin/../lib/gcc/arm-none-eabi/10.3.1/../../../../arm-none-eabi/lib/thumb/v7e-m+fp/hard\libstdc++_nano.a(eh_personality.o)
 .text._ZL18read_encoded_valueP15_Unwind_ContexthPKhPj
                0x0000000008004612       0x22 c:/st/stm32cubeide_1.11.2/stm32cubeide/plugins/com.st.stm32cube.ide.mcu.externaltools.gnu-tools-for-stm32.10.3-2021.10.win32_1.0.100.202210260954/tools/bin/../lib/gcc/arm-none-eabi/10.3.1/../../../../arm-none-eabi/lib/thumb/v7e-m+fp/hard\libstdc++_nano.a(eh_personality.o)
 .text._ZL17parse_lsda_headerP15_Unwind_ContextPKhP16lsda_header_info
                0x0000000008004634       0x62 c:/st/stm32cubeide_1.11.2/stm32cubeide/plugins/com.st.stm32cube.ide.mcu.externaltools.gnu-tools-for-stm32.10.3-2021.10.win32_1.0.100.202210260954/tools/bin/../lib/gcc/arm-none-eabi/10.3.1/../../../../arm-none-eabi/lib/thumb/v7e-m+fp/hard\libstdc++_nano.a(eh_personality.o)
 .text._Unwind_GetGR
                0x0000000008004696       0x18 c:/st/stm32cubeide_1.11.2/stm32cubeide/plugins/com.st.stm32cube.ide.mcu.externaltools.gnu-tools-for-stm32.10.3-2021.10.win32_1.0.100.202210260954/tools/bin/../lib/gcc/arm-none-eabi/10.3.1/../../../../arm-none-eabi/lib/thumb/v7e-m+fp/hard\libstdc++_nano.a(eh_personality.o)
 *fill*         0x00000000080046ae        0x2 
 .text.__gxx_personality_v0
                0x00000000080046b0      0x338 c:/st/stm32cubeide_1.11.2/stm32cubeide/plugins/com.st.stm32cube.ide.mcu.externaltools.gnu-tools-for-stm32.10.3-2021.10.win32_1.0.100.202210260954/tools/bin/../lib/gcc/arm-none-eabi/10.3.1/../../../../arm-none-eabi/lib/thumb/v7e-m+fp/hard\libstdc++_nano.a(eh_personality.o)
                0x00000000080046b0                __gxx_personality_v0
 .text._ZN10__cxxabiv111__terminateEPFvvE
                0x00000000080049e8        0x8 c:/st/stm32cubeide_1.11.2/stm32cubeide/plugins/com.st.stm32cube.ide.mcu.externaltools.gnu-tools-for-stm32.10.3-2021.10.win32_1.0.100.202210260954/tools/bin/../lib/gcc/arm-none-eabi/10.3.1/../../../../arm-none-eabi/lib/thumb/v7e-m+fp/hard\libstdc++_nano.a(eh_terminate.o)
                0x00000000080049e8                __cxxabiv1::__terminate(void (*)())
 .text._ZSt13get_terminatev
                0x00000000080049f0       0x10 c:/st/stm32cubeide_1.11.2/stm32cubeide/plugins/com.st.stm32cube.ide.mcu.externaltools.gnu-tools-for-stm32.10.3-2021.10.win32_1.0.100.202210260954/tools/bin/../lib/gcc/arm-none-eabi/10.3.1/../../../../arm-none-eabi/lib/thumb/v7e-m+fp/hard\libstdc++_nano.a(eh_terminate.o)
                0x00000000080049f0                std::get_terminate()
 .text._ZSt9terminatev
                0x0000000008004a00        0xa c:/st/stm32cubeide_1.11.2/stm32cubeide/plugins/com.st.stm32cube.ide.mcu.externaltools.gnu-tools-for-stm32.10.3-2021.10.win32_1.0.100.202210260954/tools/bin/../lib/gcc/arm-none-eabi/10.3.1/../../../../arm-none-eabi/lib/thumb/v7e-m+fp/hard\libstdc++_nano.a(eh_terminate.o)
                0x0000000008004a00                std::terminate()
 .text._ZN10__cxxabiv112__unexpectedEPFvvE
                0x0000000008004a0a        0x8 c:/st/stm32cubeide_1.11.2/stm32cubeide/plugins/com.st.stm32cube.ide.mcu.externaltools.gnu-tools-for-stm32.10.3-2021.10.win32_1.0.100.202210260954/tools/bin/../lib/gcc/arm-none-eabi/10.3.1/../../../../arm-none-eabi/lib/thumb/v7e-m+fp/hard\libstdc++_nano.a(eh_terminate.o)
                0x0000000008004a0a                __cxxabiv1::__unexpected(void (*)())
 *fill*         0x0000000008004a12        0x2 
 .text._ZSt14get_unexpectedv
                0x0000000008004a14       0x10 c:/st/stm32cubeide_1.11.2/stm32cubeide/plugins/com.st.stm32cube.ide.mcu.externaltools.gnu-tools-for-stm32.10.3-2021.10.win32_1.0.100.202210260954/tools/bin/../lib/gcc/arm-none-eabi/10.3.1/../../../../arm-none-eabi/lib/thumb/v7e-m+fp/hard\libstdc++_nano.a(eh_terminate.o)
                0x0000000008004a14                std::get_unexpected()
 .text._ZSt10unexpectedv
                0x0000000008004a24        0xa c:/st/stm32cubeide_1.11.2/stm32cubeide/plugins/com.st.stm32cube.ide.mcu.externaltools.gnu-tools-for-stm32.10.3-2021.10.win32_1.0.100.202210260954/tools/bin/../lib/gcc/arm-none-eabi/10.3.1/../../../../arm-none-eabi/lib/thumb/v7e-m+fp/hard\libstdc++_nano.a(eh_terminate.o)
                0x0000000008004a24                std::unexpected()
 *fill*         0x0000000008004a2e        0x2 
 .text._ZN10__cxxabiv120__si_class_type_infoD2Ev
                0x0000000008004a30       0x14 c:/st/stm32cubeide_1.11.2/stm32cubeide/plugins/com.st.stm32cube.ide.mcu.externaltools.gnu-tools-for-stm32.10.3-2021.10.win32_1.0.100.202210260954/tools/bin/../lib/gcc/arm-none-eabi/10.3.1/../../../../arm-none-eabi/lib/thumb/v7e-m+fp/hard\libstdc++_nano.a(si_class_type_info.o)
                0x0000000008004a30                __cxxabiv1::__si_class_type_info::~__si_class_type_info()
                0x0000000008004a30                __cxxabiv1::__si_class_type_info::~__si_class_type_info()
 .text._ZN10__cxxabiv120__si_class_type_infoD0Ev
                0x0000000008004a44       0x14 c:/st/stm32cubeide_1.11.2/stm32cubeide/plugins/com.st.stm32cube.ide.mcu.externaltools.gnu-tools-for-stm32.10.3-2021.10.win32_1.0.100.202210260954/tools/bin/../lib/gcc/arm-none-eabi/10.3.1/../../../../arm-none-eabi/lib/thumb/v7e-m+fp/hard\libstdc++_nano.a(si_class_type_info.o)
                0x0000000008004a44                __cxxabiv1::__si_class_type_info::~__si_class_type_info()
 .text._ZNK10__cxxabiv120__si_class_type_info20__do_find_public_srcEiPKvPKNS_17__class_type_infoES2_
                0x0000000008004a58       0x38 c:/st/stm32cubeide_1.11.2/stm32cubeide/plugins/com.st.stm32cube.ide.mcu.externaltools.gnu-tools-for-stm32.10.3-2021.10.win32_1.0.100.202210260954/tools/bin/../lib/gcc/arm-none-eabi/10.3.1/../../../../arm-none-eabi/lib/thumb/v7e-m+fp/hard\libstdc++_nano.a(si_class_type_info.o)
                0x0000000008004a58                __cxxabiv1::__si_class_type_info::__do_find_public_src(int, void const*, __cxxabiv1::__class_type_info const*, void const*) const
 .text._ZNK10__cxxabiv120__si_class_type_info12__do_dyncastEiNS_17__class_type_info10__sub_kindEPKS1_PKvS4_S6_RNS1_16__dyncast_resultE
                0x0000000008004a90       0x74 c:/st/stm32cubeide_1.11.2/stm32cubeide/plugins/com.st.stm32cube.ide.mcu.externaltools.gnu-tools-for-stm32.10.3-2021.10.win32_1.0.100.202210260954/tools/bin/../lib/gcc/arm-none-eabi/10.3.1/../../../../arm-none-eabi/lib/thumb/v7e-m+fp/hard\libstdc++_nano.a(si_class_type_info.o)
                0x0000000008004a90                __cxxabiv1::__si_class_type_info::__do_dyncast(int, __cxxabiv1::__class_type_info::__sub_kind, __cxxabiv1::__class_type_info const*, void const*, __cxxabiv1::__class_type_info const*, void const*, __cxxabiv1::__class_type_info::__dyncast_result&) const
 .text._ZNK10__cxxabiv120__si_class_type_info11__do_upcastEPKNS_17__class_type_infoEPKvRNS1_15__upcast_resultE
                0x0000000008004b04       0x2a c:/st/stm32cubeide_1.11.2/stm32cubeide/plugins/com.st.stm32cube.ide.mcu.externaltools.gnu-tools-for-stm32.10.3-2021.10.win32_1.0.100.202210260954/tools/bin/../lib/gcc/arm-none-eabi/10.3.1/../../../../arm-none-eabi/lib/thumb/v7e-m+fp/hard\libstdc++_nano.a(si_class_type_info.o)
                0x0000000008004b04                __cxxabiv1::__si_class_type_info::__do_upcast(__cxxabiv1::__class_type_info const*, void const*, __cxxabiv1::__class_type_info::__upcast_result&) const
 .text._ZNSt9type_infoD2Ev
                0x0000000008004b2e        0x2 c:/st/stm32cubeide_1.11.2/stm32cubeide/plugins/com.st.stm32cube.ide.mcu.externaltools.gnu-tools-for-stm32.10.3-2021.10.win32_1.0.100.202210260954/tools/bin/../lib/gcc/arm-none-eabi/10.3.1/../../../../arm-none-eabi/lib/thumb/v7e-m+fp/hard\libstdc++_nano.a(tinfo.o)
                0x0000000008004b2e                std::type_info::~type_info()
                0x0000000008004b2e                std::type_info::~type_info()
 .text._ZNKSt9type_info14__is_pointer_pEv
                0x0000000008004b30        0x4 c:/st/stm32cubeide_1.11.2/stm32cubeide/plugins/com.st.stm32cube.ide.mcu.externaltools.gnu-tools-for-stm32.10.3-2021.10.win32_1.0.100.202210260954/tools/bin/../lib/gcc/arm-none-eabi/10.3.1/../../../../arm-none-eabi/lib/thumb/v7e-m+fp/hard\libstdc++_nano.a(tinfo.o)
                0x0000000008004b30                std::type_info::__is_pointer_p() const
                0x0000000008004b30                std::type_info::__is_function_p() const
 .text._ZNKSt9type_infoeqERKS_
                0x0000000008004b34       0x2c c:/st/stm32cubeide_1.11.2/stm32cubeide/plugins/com.st.stm32cube.ide.mcu.externaltools.gnu-tools-for-stm32.10.3-2021.10.win32_1.0.100.202210260954/tools/bin/../lib/gcc/arm-none-eabi/10.3.1/../../../../arm-none-eabi/lib/thumb/v7e-m+fp/hard\libstdc++_nano.a(tinfo.o)
                0x0000000008004b34                std::type_info::operator==(std::type_info const&) const
 .text._ZNK10__cxxabiv117__class_type_info11__do_upcastEPKS0_PPv
                0x0000000008004b60       0x32 c:/st/stm32cubeide_1.11.2/stm32cubeide/plugins/com.st.stm32cube.ide.mcu.externaltools.gnu-tools-for-stm32.10.3-2021.10.win32_1.0.100.202210260954/tools/bin/../lib/gcc/arm-none-eabi/10.3.1/../../../../arm-none-eabi/lib/thumb/v7e-m+fp/hard\libstdc++_nano.a(class_type_info.o)
                0x0000000008004b60                __cxxabiv1::__class_type_info::__do_upcast(__cxxabiv1::__class_type_info const*, void**) const
 .text._ZNK10__cxxabiv117__class_type_info20__do_find_public_srcEiPKvPKS0_S2_
                0x0000000008004b92        0xc c:/st/stm32cubeide_1.11.2/stm32cubeide/plugins/com.st.stm32cube.ide.mcu.externaltools.gnu-tools-for-stm32.10.3-2021.10.win32_1.0.100.202210260954/tools/bin/../lib/gcc/arm-none-eabi/10.3.1/../../../../arm-none-eabi/lib/thumb/v7e-m+fp/hard\libstdc++_nano.a(class_type_info.o)
                0x0000000008004b92                __cxxabiv1::__class_type_info::__do_find_public_src(int, void const*, __cxxabiv1::__class_type_info const*, void const*) const
 *fill*         0x0000000008004b9e        0x2 
 .text._ZN10__cxxabiv117__class_type_infoD2Ev
                0x0000000008004ba0       0x14 c:/st/stm32cubeide_1.11.2/stm32cubeide/plugins/com.st.stm32cube.ide.mcu.externaltools.gnu-tools-for-stm32.10.3-2021.10.win32_1.0.100.202210260954/tools/bin/../lib/gcc/arm-none-eabi/10.3.1/../../../../arm-none-eabi/lib/thumb/v7e-m+fp/hard\libstdc++_nano.a(class_type_info.o)
                0x0000000008004ba0                __cxxabiv1::__class_type_info::~__class_type_info()
                0x0000000008004ba0                __cxxabiv1::__class_type_info::~__class_type_info()
 .text._ZN10__cxxabiv117__class_type_infoD0Ev
                0x0000000008004bb4       0x14 c:/st/stm32cubeide_1.11.2/stm32cubeide/plugins/com.st.stm32cube.ide.mcu.externaltools.gnu-tools-for-stm32.10.3-2021.10.win32_1.0.100.202210260954/tools/bin/../lib/gcc/arm-none-eabi/10.3.1/../../../../arm-none-eabi/lib/thumb/v7e-m+fp/hard\libstdc++_nano.a(class_type_info.o)
                0x0000000008004bb4                __cxxabiv1::__class_type_info::~__class_type_info()
 .text._ZNK10__cxxabiv117__class_type_info12__do_dyncastEiNS0_10__sub_kindEPKS0_PKvS3_S5_RNS0_16__dyncast_resultE
                0x0000000008004bc8       0x3e c:/st/stm32cubeide_1.11.2/stm32cubeide/plugins/com.st.stm32cube.ide.mcu.externaltools.gnu-tools-for-stm32.10.3-2021.10.win32_1.0.100.202210260954/tools/bin/../lib/gcc/arm-none-eabi/10.3.1/../../../../arm-none-eabi/lib/thumb/v7e-m+fp/hard\libstdc++_nano.a(class_type_info.o)
                0x0000000008004bc8                __cxxabiv1::__class_type_info::__do_dyncast(int, __cxxabiv1::__class_type_info::__sub_kind, __cxxabiv1::__class_type_info const*, void const*, __cxxabiv1::__class_type_info const*, void const*, __cxxabiv1::__class_type_info::__dyncast_result&) const
 .text._ZNK10__cxxabiv117__class_type_info11__do_upcastEPKS0_PKvRNS0_15__upcast_resultE
                0x0000000008004c06       0x18 c:/st/stm32cubeide_1.11.2/stm32cubeide/plugins/com.st.stm32cube.ide.mcu.externaltools.gnu-tools-for-stm32.10.3-2021.10.win32_1.0.100.202210260954/tools/bin/../lib/gcc/arm-none-eabi/10.3.1/../../../../arm-none-eabi/lib/thumb/v7e-m+fp/hard\libstdc++_nano.a(class_type_info.o)
                0x0000000008004c06                __cxxabiv1::__class_type_info::__do_upcast(__cxxabiv1::__class_type_info const*, void const*, __cxxabiv1::__class_type_info::__upcast_result&) const
 .text._ZNK10__cxxabiv117__class_type_info10__do_catchEPKSt9type_infoPPvj
                0x0000000008004c1e       0x2a c:/st/stm32cubeide_1.11.2/stm32cubeide/plugins/com.st.stm32cube.ide.mcu.externaltools.gnu-tools-for-stm32.10.3-2021.10.win32_1.0.100.202210260954/tools/bin/../lib/gcc/arm-none-eabi/10.3.1/../../../../arm-none-eabi/lib/thumb/v7e-m+fp/hard\libstdc++_nano.a(class_type_info.o)
                0x0000000008004c1e                __cxxabiv1::__class_type_info::__do_catch(std::type_info const*, void**, unsigned int) const
 .text._ZdlPv   0x0000000008004c48        0x4 c:/st/stm32cubeide_1.11.2/stm32cubeide/plugins/com.st.stm32cube.ide.mcu.externaltools.gnu-tools-for-stm32.10.3-2021.10.win32_1.0.100.202210260954/tools/bin/../lib/gcc/arm-none-eabi/10.3.1/../../../../arm-none-eabi/lib/thumb/v7e-m+fp/hard\libstdc++_nano.a(del_op.o)
                0x0000000008004c48                operator delete(void*)
 .text._ZN10__cxxabiv1L24__is_gxx_exception_classEPc
                0x0000000008004c4c       0x3a c:/st/stm32cubeide_1.11.2/stm32cubeide/plugins/com.st.stm32cube.ide.mcu.externaltools.gnu-tools-for-stm32.10.3-2021.10.win32_1.0.100.202210260954/tools/bin/../lib/gcc/arm-none-eabi/10.3.1/../../../../arm-none-eabi/lib/thumb/v7e-m+fp/hard\libstdc++_nano.a(eh_call.o)
 .text.__cxa_call_terminate
                0x0000000008004c86       0x1e c:/st/stm32cubeide_1.11.2/stm32cubeide/plugins/com.st.stm32cube.ide.mcu.externaltools.gnu-tools-for-stm32.10.3-2021.10.win32_1.0.100.202210260954/tools/bin/../lib/gcc/arm-none-eabi/10.3.1/../../../../arm-none-eabi/lib/thumb/v7e-m+fp/hard\libstdc++_nano.a(eh_call.o)
                0x0000000008004c86                __cxa_call_terminate
 .text.__cxa_call_unexpected
                0x0000000008004ca4       0x28 c:/st/stm32cubeide_1.11.2/stm32cubeide/plugins/com.st.stm32cube.ide.mcu.externaltools.gnu-tools-for-stm32.10.3-2021.10.win32_1.0.100.202210260954/tools/bin/../lib/gcc/arm-none-eabi/10.3.1/../../../../arm-none-eabi/lib/thumb/v7e-m+fp/hard\libstdc++_nano.a(eh_call.o)
                0x0000000008004ca4                __cxa_call_unexpected
 .text.abort    0x0000000008004ccc        0xe c:/st/stm32cubeide_1.11.2/stm32cubeide/plugins/com.st.stm32cube.ide.mcu.externaltools.gnu-tools-for-stm32.10.3-2021.10.win32_1.0.100.202210260954/tools/bin/../lib/gcc/arm-none-eabi/10.3.1/../../../../arm-none-eabi/lib/thumb/v7e-m+fp/hard\libc_nano.a(lib_a-abort.o)
                0x0000000008004ccc                abort
 *fill*         0x0000000008004cda        0x2 
 .text.__errno  0x0000000008004cdc        0xc c:/st/stm32cubeide_1.11.2/stm32cubeide/plugins/com.st.stm32cube.ide.mcu.externaltools.gnu-tools-for-stm32.10.3-2021.10.win32_1.0.100.202210260954/tools/bin/../lib/gcc/arm-none-eabi/10.3.1/../../../../arm-none-eabi/lib/thumb/v7e-m+fp/hard\libc_nano.a(lib_a-errno.o)
                0x0000000008004cdc                __errno
 .text.__libc_init_array
                0x0000000008004ce8       0x48 c:/st/stm32cubeide_1.11.2/stm32cubeide/plugins/com.st.stm32cube.ide.mcu.externaltools.gnu-tools-for-stm32.10.3-2021.10.win32_1.0.100.202210260954/tools/bin/../lib/gcc/arm-none-eabi/10.3.1/../../../../arm-none-eabi/lib/thumb/v7e-m+fp/hard\libc_nano.a(lib_a-init.o)
                0x0000000008004ce8                __libc_init_array
 .text.malloc   0x0000000008004d30       0x10 c:/st/stm32cubeide_1.11.2/stm32cubeide/plugins/com.st.stm32cube.ide.mcu.externaltools.gnu-tools-for-stm32.10.3-2021.10.win32_1.0.100.202210260954/tools/bin/../lib/gcc/arm-none-eabi/10.3.1/../../../../arm-none-eabi/lib/thumb/v7e-m+fp/hard\libc_nano.a(lib_a-malloc.o)
                0x0000000008004d30                malloc
 .text.free     0x0000000008004d40       0x10 c:/st/stm32cubeide_1.11.2/stm32cubeide/plugins/com.st.stm32cube.ide.mcu.externaltools.gnu-tools-for-stm32.10.3-2021.10.win32_1.0.100.202210260954/tools/bin/../lib/gcc/arm-none-eabi/10.3.1/../../../../arm-none-eabi/lib/thumb/v7e-m+fp/hard\libc_nano.a(lib_a-malloc.o)
                0x0000000008004d40                free
 .text.memset   0x0000000008004d50       0x10 c:/st/stm32cubeide_1.11.2/stm32cubeide/plugins/com.st.stm32cube.ide.mcu.externaltools.gnu-tools-for-stm32.10.3-2021.10.win32_1.0.100.202210260954/tools/bin/../lib/gcc/arm-none-eabi/10.3.1/../../../../arm-none-eabi/lib/thumb/v7e-m+fp/hard\libc_nano.a(lib_a-memset.o)
                0x0000000008004d50                memset
 .text._free_r  0x0000000008004d60       0x98 c:/st/stm32cubeide_1.11.2/stm32cubeide/plugins/com.st.stm32cube.ide.mcu.externaltools.gnu-tools-for-stm32.10.3-2021.10.win32_1.0.100.202210260954/tools/bin/../lib/gcc/arm-none-eabi/10.3.1/../../../../arm-none-eabi/lib/thumb/v7e-m+fp/hard\libc_nano.a(lib_a-nano-freer.o)
                0x0000000008004d60                _free_r
 .text.sbrk_aligned
                0x0000000008004df8       0x40 c:/st/stm32cubeide_1.11.2/stm32cubeide/plugins/com.st.stm32cube.ide.mcu.externaltools.gnu-tools-for-stm32.10.3-2021.10.win32_1.0.100.202210260954/tools/bin/../lib/gcc/arm-none-eabi/10.3.1/../../../../arm-none-eabi/lib/thumb/v7e-m+fp/hard\libc_nano.a(lib_a-nano-mallocr.o)
 .text._malloc_r
                0x0000000008004e38       0xe8 c:/st/stm32cubeide_1.11.2/stm32cubeide/plugins/com.st.stm32cube.ide.mcu.externaltools.gnu-tools-for-stm32.10.3-2021.10.win32_1.0.100.202210260954/tools/bin/../lib/gcc/arm-none-eabi/10.3.1/../../../../arm-none-eabi/lib/thumb/v7e-m+fp/hard\libc_nano.a(lib_a-nano-mallocr.o)
                0x0000000008004e38                _malloc_r
 .text._sbrk_r  0x0000000008004f20       0x20 c:/st/stm32cubeide_1.11.2/stm32cubeide/plugins/com.st.stm32cube.ide.mcu.externaltools.gnu-tools-for-stm32.10.3-2021.10.win32_1.0.100.202210260954/tools/bin/../lib/gcc/arm-none-eabi/10.3.1/../../../../arm-none-eabi/lib/thumb/v7e-m+fp/hard\libc_nano.a(lib_a-sbrkr.o)
                0x0000000008004f20                _sbrk_r
 .text._raise_r
                0x0000000008004f40       0x50 c:/st/stm32cubeide_1.11.2/stm32cubeide/plugins/com.st.stm32cube.ide.mcu.externaltools.gnu-tools-for-stm32.10.3-2021.10.win32_1.0.100.202210260954/tools/bin/../lib/gcc/arm-none-eabi/10.3.1/../../../../arm-none-eabi/lib/thumb/v7e-m+fp/hard\libc_nano.a(lib_a-signal.o)
                0x0000000008004f40                _raise_r
 .text.raise    0x0000000008004f90       0x10 c:/st/stm32cubeide_1.11.2/stm32cubeide/plugins/com.st.stm32cube.ide.mcu.externaltools.gnu-tools-for-stm32.10.3-2021.10.win32_1.0.100.202210260954/tools/bin/../lib/gcc/arm-none-eabi/10.3.1/../../../../arm-none-eabi/lib/thumb/v7e-m+fp/hard\libc_nano.a(lib_a-signal.o)
                0x0000000008004f90                raise
 .text._kill_r  0x0000000008004fa0       0x24 c:/st/stm32cubeide_1.11.2/stm32cubeide/plugins/com.st.stm32cube.ide.mcu.externaltools.gnu-tools-for-stm32.10.3-2021.10.win32_1.0.100.202210260954/tools/bin/../lib/gcc/arm-none-eabi/10.3.1/../../../../arm-none-eabi/lib/thumb/v7e-m+fp/hard\libc_nano.a(lib_a-signalr.o)
                0x0000000008004fa0                _kill_r
 .text._getpid_r
                0x0000000008004fc4        0x4 c:/st/stm32cubeide_1.11.2/stm32cubeide/plugins/com.st.stm32cube.ide.mcu.externaltools.gnu-tools-for-stm32.10.3-2021.10.win32_1.0.100.202210260954/tools/bin/../lib/gcc/arm-none-eabi/10.3.1/../../../../arm-none-eabi/lib/thumb/v7e-m+fp/hard\libc_nano.a(lib_a-signalr.o)
                0x0000000008004fc4                _getpid_r
 .text.__malloc_lock
                0x0000000008004fc8        0xc c:/st/stm32cubeide_1.11.2/stm32cubeide/plugins/com.st.stm32cube.ide.mcu.externaltools.gnu-tools-for-stm32.10.3-2021.10.win32_1.0.100.202210260954/tools/bin/../lib/gcc/arm-none-eabi/10.3.1/../../../../arm-none-eabi/lib/thumb/v7e-m+fp/hard\libc_nano.a(lib_a-mlock.o)
                0x0000000008004fc8                __malloc_lock
 .text.__malloc_unlock
                0x0000000008004fd4        0xc c:/st/stm32cubeide_1.11.2/stm32cubeide/plugins/com.st.stm32cube.ide.mcu.externaltools.gnu-tools-for-stm32.10.3-2021.10.win32_1.0.100.202210260954/tools/bin/../lib/gcc/arm-none-eabi/10.3.1/../../../../arm-none-eabi/lib/thumb/v7e-m+fp/hard\libc_nano.a(lib_a-mlock.o)
                0x0000000008004fd4                __malloc_unlock
 .text.__retarget_lock_acquire_recursive
                0x0000000008004fe0        0x2 c:/st/stm32cubeide_1.11.2/stm32cubeide/plugins/com.st.stm32cube.ide.mcu.externaltools.gnu-tools-for-stm32.10.3-2021.10.win32_1.0.100.202210260954/tools/bin/../lib/gcc/arm-none-eabi/10.3.1/../../../../arm-none-eabi/lib/thumb/v7e-m+fp/hard\libc_nano.a(lib_a-lock.o)
                0x0000000008004fe0                __retarget_lock_acquire_recursive
 .text.__retarget_lock_release_recursive
                0x0000000008004fe2        0x2 c:/st/stm32cubeide_1.11.2/stm32cubeide/plugins/com.st.stm32cube.ide.mcu.externaltools.gnu-tools-for-stm32.10.3-2021.10.win32_1.0.100.202210260954/tools/bin/../lib/gcc/arm-none-eabi/10.3.1/../../../../arm-none-eabi/lib/thumb/v7e-m+fp/hard\libc_nano.a(lib_a-lock.o)
                0x0000000008004fe2                __retarget_lock_release_recursive
 .text.unlikely
                0x0000000008004fe4        0xc c:/st/stm32cubeide_1.11.2/stm32cubeide/plugins/com.st.stm32cube.ide.mcu.externaltools.gnu-tools-for-stm32.10.3-2021.10.win32_1.0.100.202210260954/tools/bin/../lib/gcc/arm-none-eabi/10.3.1/thumb/v7e-m+fp/hard\libgcc.a(pr-support.o)
                0x0000000008004fe4                _Unwind_GetDataRelBase
                0x0000000008004fea                _Unwind_GetTextRelBase
 .text.memcpy   0x0000000008004ff0       0x1c c:/st/stm32cubeide_1.11.2/stm32cubeide/plugins/com.st.stm32cube.ide.mcu.externaltools.gnu-tools-for-stm32.10.3-2021.10.win32_1.0.100.202210260954/tools/bin/../lib/gcc/arm-none-eabi/10.3.1/../../../../arm-none-eabi/lib/thumb/v7e-m+fp/hard\libc_nano.a(lib_a-memcpy-stub.o)
                0x0000000008004ff0                memcpy
 *(.glue_7)
 .glue_7        0x000000000800500c        0x0 linker stubs
 *(.glue_7t)
 .glue_7t       0x000000000800500c        0x0 linker stubs
 *(.eh_frame)
 .eh_frame      0x000000000800500c        0x0 c:/st/stm32cubeide_1.11.2/stm32cubeide/plugins/com.st.stm32cube.ide.mcu.externaltools.gnu-tools-for-stm32.10.3-2021.10.win32_1.0.100.202210260954/tools/bin/../lib/gcc/arm-none-eabi/10.3.1/thumb/v7e-m+fp/hard/crtbegin.o
 *(.init)
 .init          0x000000000800500c        0x4 c:/st/stm32cubeide_1.11.2/stm32cubeide/plugins/com.st.stm32cube.ide.mcu.externaltools.gnu-tools-for-stm32.10.3-2021.10.win32_1.0.100.202210260954/tools/bin/../lib/gcc/arm-none-eabi/10.3.1/thumb/v7e-m+fp/hard/crti.o
                0x000000000800500c                _init
 .init          0x0000000008005010        0x8 c:/st/stm32cubeide_1.11.2/stm32cubeide/plugins/com.st.stm32cube.ide.mcu.externaltools.gnu-tools-for-stm32.10.3-2021.10.win32_1.0.100.202210260954/tools/bin/../lib/gcc/arm-none-eabi/10.3.1/thumb/v7e-m+fp/hard/crtn.o
 *(.fini)
 .fini          0x0000000008005018        0x4 c:/st/stm32cubeide_1.11.2/stm32cubeide/plugins/com.st.stm32cube.ide.mcu.externaltools.gnu-tools-for-stm32.10.3-2021.10.win32_1.0.100.202210260954/tools/bin/../lib/gcc/arm-none-eabi/10.3.1/thumb/v7e-m+fp/hard/crti.o
                0x0000000008005018                _fini
 .fini          0x000000000800501c        0x8 c:/st/stm32cubeide_1.11.2/stm32cubeide/plugins/com.st.stm32cube.ide.mcu.externaltools.gnu-tools-for-stm32.10.3-2021.10.win32_1.0.100.202210260954/tools/bin/../lib/gcc/arm-none-eabi/10.3.1/thumb/v7e-m+fp/hard/crtn.o
                0x0000000008005024                . = ALIGN (0x4)
                0x0000000008005024                _etext = .

.vfp11_veneer   0x0000000008005024        0x0
 .vfp11_veneer  0x0000000008005024        0x0 linker stubs

.v4_bx          0x0000000008005024        0x0
 .v4_bx         0x0000000008005024        0x0 linker stubs

.iplt           0x0000000008005024        0x0
 .iplt          0x0000000008005024        0x0 c:/st/stm32cubeide_1.11.2/stm32cubeide/plugins/com.st.stm32cube.ide.mcu.externaltools.gnu-tools-for-stm32.10.3-2021.10.win32_1.0.100.202210260954/tools/bin/../lib/gcc/arm-none-eabi/10.3.1/thumb/v7e-m+fp/hard/crtbegin.o

.rodata         0x0000000008005024      0x1cc
                0x0000000008005024                . = ALIGN (0x4)
 *(.rodata)
 .rodata        0x0000000008005024       0x10 ./Core/Src/main.o
 *(.rodata*)
 .rodata._ZTVN5stm324GPIOE
                0x0000000008005034       0x10 ./Core/Src/GPIO_.o
                0x0000000008005034                vtable for stm32::GPIO
 .rodata._ZTVN5stm3210PeripheralE
                0x0000000008005044       0x10 ./Core/Src/Peripheral.o
                0x0000000008005044                vtable for stm32::Peripheral
 .rodata._ZTVN5stm323PinE
                0x0000000008005054       0x1c ./Core/Src/Pin.o
                0x0000000008005054                vtable for stm32::Pin
 .rodata._ZTVN5stm327PinListE
                0x0000000008005070       0x10 ./Core/Src/PinList.o
                0x0000000008005070                vtable for stm32::PinList
 .rodata._ZTVN5stm324PortE
                0x0000000008005080       0x18 ./Core/Src/Port.o
                0x0000000008005080                vtable for stm32::Port
 .rodata.AHBPrescTable
                0x0000000008005098       0x10 ./Core/Src/system_stm32f3xx.o
                0x0000000008005098                AHBPrescTable
 .rodata.aPLLMULFactorTable
                0x00000000080050a8       0x10 ./Drivers/STM32F3xx_HAL_Driver/Src/stm32f3xx_hal_rcc.o
 .rodata.aPredivFactorTable
                0x00000000080050b8       0x10 ./Drivers/STM32F3xx_HAL_Driver/Src/stm32f3xx_hal_rcc.o
 .rodata._ZTIN10__cxxabiv115__forced_unwindE
                0x00000000080050c8        0x8 c:/st/stm32cubeide_1.11.2/stm32cubeide/plugins/com.st.stm32cube.ide.mcu.externaltools.gnu-tools-for-stm32.10.3-2021.10.win32_1.0.100.202210260954/tools/bin/../lib/gcc/arm-none-eabi/10.3.1/../../../../arm-none-eabi/lib/thumb/v7e-m+fp/hard\libstdc++_nano.a(eh_exception.o)
                0x00000000080050c8                typeinfo for __cxxabiv1::__forced_unwind
 .rodata._ZTIN10__cxxabiv119__foreign_exceptionE
                0x00000000080050d0        0x8 c:/st/stm32cubeide_1.11.2/stm32cubeide/plugins/com.st.stm32cube.ide.mcu.externaltools.gnu-tools-for-stm32.10.3-2021.10.win32_1.0.100.202210260954/tools/bin/../lib/gcc/arm-none-eabi/10.3.1/../../../../arm-none-eabi/lib/thumb/v7e-m+fp/hard\libstdc++_nano.a(eh_exception.o)
                0x00000000080050d0                typeinfo for __cxxabiv1::__foreign_exception
 .rodata._ZTSN10__cxxabiv115__forced_unwindE
                0x00000000080050d8       0x20 c:/st/stm32cubeide_1.11.2/stm32cubeide/plugins/com.st.stm32cube.ide.mcu.externaltools.gnu-tools-for-stm32.10.3-2021.10.win32_1.0.100.202210260954/tools/bin/../lib/gcc/arm-none-eabi/10.3.1/../../../../arm-none-eabi/lib/thumb/v7e-m+fp/hard\libstdc++_nano.a(eh_exception.o)
                0x00000000080050d8                typeinfo name for __cxxabiv1::__forced_unwind
 .rodata._ZTSN10__cxxabiv119__foreign_exceptionE
                0x00000000080050f8       0x24 c:/st/stm32cubeide_1.11.2/stm32cubeide/plugins/com.st.stm32cube.ide.mcu.externaltools.gnu-tools-for-stm32.10.3-2021.10.win32_1.0.100.202210260954/tools/bin/../lib/gcc/arm-none-eabi/10.3.1/../../../../arm-none-eabi/lib/thumb/v7e-m+fp/hard\libstdc++_nano.a(eh_exception.o)
                0x00000000080050f8                typeinfo name for __cxxabiv1::__foreign_exception
 .rodata._ZTIN10__cxxabiv120__si_class_type_infoE
                0x000000000800511c        0xc c:/st/stm32cubeide_1.11.2/stm32cubeide/plugins/com.st.stm32cube.ide.mcu.externaltools.gnu-tools-for-stm32.10.3-2021.10.win32_1.0.100.202210260954/tools/bin/../lib/gcc/arm-none-eabi/10.3.1/../../../../arm-none-eabi/lib/thumb/v7e-m+fp/hard\libstdc++_nano.a(si_class_type_info.o)
                0x000000000800511c                typeinfo for __cxxabiv1::__si_class_type_info
 .rodata._ZTSN10__cxxabiv120__si_class_type_infoE
                0x0000000008005128       0x25 c:/st/stm32cubeide_1.11.2/stm32cubeide/plugins/com.st.stm32cube.ide.mcu.externaltools.gnu-tools-for-stm32.10.3-2021.10.win32_1.0.100.202210260954/tools/bin/../lib/gcc/arm-none-eabi/10.3.1/../../../../arm-none-eabi/lib/thumb/v7e-m+fp/hard\libstdc++_nano.a(si_class_type_info.o)
                0x0000000008005128                typeinfo name for __cxxabiv1::__si_class_type_info
 *fill*         0x000000000800514d        0x3 
 .rodata._ZTVN10__cxxabiv120__si_class_type_infoE
                0x0000000008005150       0x2c c:/st/stm32cubeide_1.11.2/stm32cubeide/plugins/com.st.stm32cube.ide.mcu.externaltools.gnu-tools-for-stm32.10.3-2021.10.win32_1.0.100.202210260954/tools/bin/../lib/gcc/arm-none-eabi/10.3.1/../../../../arm-none-eabi/lib/thumb/v7e-m+fp/hard\libstdc++_nano.a(si_class_type_info.o)
                0x0000000008005150                vtable for __cxxabiv1::__si_class_type_info
 .rodata._ZTISt9type_info
                0x000000000800517c        0x8 c:/st/stm32cubeide_1.11.2/stm32cubeide/plugins/com.st.stm32cube.ide.mcu.externaltools.gnu-tools-for-stm32.10.3-2021.10.win32_1.0.100.202210260954/tools/bin/../lib/gcc/arm-none-eabi/10.3.1/../../../../arm-none-eabi/lib/thumb/v7e-m+fp/hard\libstdc++_nano.a(tinfo.o)
                0x000000000800517c                typeinfo for std::type_info
 .rodata._ZTSSt9type_info
                0x0000000008005184        0xd c:/st/stm32cubeide_1.11.2/stm32cubeide/plugins/com.st.stm32cube.ide.mcu.externaltools.gnu-tools-for-stm32.10.3-2021.10.win32_1.0.100.202210260954/tools/bin/../lib/gcc/arm-none-eabi/10.3.1/../../../../arm-none-eabi/lib/thumb/v7e-m+fp/hard\libstdc++_nano.a(tinfo.o)
                0x0000000008005184                typeinfo name for std::type_info
 *fill*         0x0000000008005191        0x3 
 .rodata._ZTIN10__cxxabiv117__class_type_infoE
                0x0000000008005194        0xc c:/st/stm32cubeide_1.11.2/stm32cubeide/plugins/com.st.stm32cube.ide.mcu.externaltools.gnu-tools-for-stm32.10.3-2021.10.win32_1.0.100.202210260954/tools/bin/../lib/gcc/arm-none-eabi/10.3.1/../../../../arm-none-eabi/lib/thumb/v7e-m+fp/hard\libstdc++_nano.a(class_type_info.o)
                0x0000000008005194                typeinfo for __cxxabiv1::__class_type_info
 .rodata._ZTSN10__cxxabiv117__class_type_infoE
                0x00000000080051a0       0x22 c:/st/stm32cubeide_1.11.2/stm32cubeide/plugins/com.st.stm32cube.ide.mcu.externaltools.gnu-tools-for-stm32.10.3-2021.10.win32_1.0.100.202210260954/tools/bin/../lib/gcc/arm-none-eabi/10.3.1/../../../../arm-none-eabi/lib/thumb/v7e-m+fp/hard\libstdc++_nano.a(class_type_info.o)
                0x00000000080051a0                typeinfo name for __cxxabiv1::__class_type_info
 *fill*         0x00000000080051c2        0x2 
 .rodata._ZTVN10__cxxabiv117__class_type_infoE
                0x00000000080051c4       0x2c c:/st/stm32cubeide_1.11.2/stm32cubeide/plugins/com.st.stm32cube.ide.mcu.externaltools.gnu-tools-for-stm32.10.3-2021.10.win32_1.0.100.202210260954/tools/bin/../lib/gcc/arm-none-eabi/10.3.1/../../../../arm-none-eabi/lib/thumb/v7e-m+fp/hard\libstdc++_nano.a(class_type_info.o)
                0x00000000080051c4                vtable for __cxxabiv1::__class_type_info
                0x00000000080051f0                . = ALIGN (0x4)

.ARM.extab      0x00000000080051f0      0x110
                0x00000000080051f0                . = ALIGN (0x4)
 *(.ARM.extab* .gnu.linkonce.armextab.*)
 .ARM.extab.text._ZN5stm324GPIOC2Ev
                0x00000000080051f0        0xc ./Core/Src/GPIO_.o
 .ARM.extab.text._ZN5stm323PinC2EP12GPIO_TypeDeft
                0x00000000080051fc       0x1c ./Core/Src/Pin.o
 .ARM.extab.text._ZN5stm323Pin8writePinE5State
                0x0000000008005218        0xc ./Core/Src/Pin.o
 .ARM.extab.text._ZN5stm323PinaSE5State
                0x0000000008005224        0xc ./Core/Src/Pin.o
 .ARM.extab.text._ZN5stm323Pin9togglePinEv
                0x0000000008005230        0xc ./Core/Src/Pin.o
 .ARM.extab.text._ZN5stm323PinntEv
                0x000000000800523c        0xc ./Core/Src/Pin.o
 .ARM.extab.text._ZN5stm323Pin7readPinEv
                0x0000000008005248        0xc ./Core/Src/Pin.o
 .ARM.extab.text._ZN5stm327PinList8writeMapEP5State
                0x0000000008005254        0xc ./Core/Src/PinList.o
 .ARM.extab.text._ZN5stm327PinListaSEP5State
                0x0000000008005260        0xc ./Core/Src/PinList.o
 .ARM.extab.text._ZN5stm327PinList14readMapWithKeyEi
                0x000000000800526c        0xc ./Core/Src/PinList.o
 .ARM.extab.text._ZN5stm327PinListixEi
                0x0000000008005278        0xc ./Core/Src/PinList.o
 .ARM.extab.text._ZN5stm324PortC2Ev
                0x0000000008005284        0xc ./Core/Src/Port.o
 .ARM.extab.text._ZN5stm3210PeripheralC2ERKS0_
                0x0000000008005290        0x0 ./Core/Src/main.o
 .ARM.extab.text._ZN5stm324GPIOC2ERKS0_
                0x0000000008005290        0x0 ./Core/Src/main.o
 .ARM.extab.text._ZN5stm324PortC2ERKS0_
                0x0000000008005290        0x0 ./Core/Src/main.o
 .ARM.extab.text._ZN5stm323PinC2ERKS0_
                0x0000000008005290        0x0 ./Core/Src/main.o
 .ARM.extab.text.main
                0x0000000008005290       0x4a ./Core/Src/main.o
 *fill*         0x00000000080052da        0x2 
 .ARM.extab.text._Z18SystemClock_Configv
                0x00000000080052dc        0xc ./Core/Src/main.o
 .ARM.extab     0x00000000080052e8       0x18 c:/st/stm32cubeide_1.11.2/stm32cubeide/plugins/com.st.stm32cube.ide.mcu.externaltools.gnu-tools-for-stm32.10.3-2021.10.win32_1.0.100.202210260954/tools/bin/../lib/gcc/arm-none-eabi/10.3.1/thumb/v7e-m+fp/hard\libgcc.a(pr-support.o)
                0x0000000008005300                . = ALIGN (0x4)

.ARM            0x0000000008005300      0x150
                0x0000000008005300                . = ALIGN (0x4)
                0x0000000008005300                __exidx_start = .
 *(.ARM.exidx*)
 .ARM.exidx.text._ZN5stm324GPIOC2Ev
                0x00000000080053b0        0x8 ./Core/Src/GPIO_.o
 .ARM.exidx.text._ZN5stm324GPIOD2Ev
                0x00000000080053b8        0x8 ./Core/Src/GPIO_.o
 .ARM.exidx.text._ZN5stm324GPIOD0Ev
                0x00000000080053c0        0x0 ./Core/Src/GPIO_.o
                                          0x8 (size before relaxing)
 .ARM.exidx.text._ZN5stm3210PeripheralC2Ev
                0x00000000080053c0        0x0 ./Core/Src/Peripheral.o
                                          0x8 (size before relaxing)
 .ARM.exidx.text._ZN5stm3210PeripheralD2Ev
                0x00000000080053c0        0x0 ./Core/Src/Peripheral.o
                                          0x8 (size before relaxing)
 .ARM.exidx.text._ZN5stm3210PeripheralD0Ev
                0x00000000080053c0        0x0 ./Core/Src/Peripheral.o
                                          0x8 (size before relaxing)
 .ARM.exidx.text._ZN5stm323PinC2EP12GPIO_TypeDeft
                0x00000000080053c0        0x8 ./Core/Src/Pin.o
 .ARM.exidx.text._ZN5stm323Pin6setPinEt
                0x00000000080053c8        0x8 ./Core/Src/Pin.o
 .ARM.exidx.text._ZN5stm323Pin6getPinEv
                0x00000000080053d0        0x0 ./Core/Src/Pin.o
                                          0x8 (size before relaxing)
 .ARM.exidx.text._ZN5stm323Pin8writePinE5State
                0x00000000080053d0        0x8 ./Core/Src/Pin.o
 .ARM.exidx.text._ZN5stm323PinaSE5State
                0x00000000080053d8        0x8 ./Core/Src/Pin.o
 .ARM.exidx.text._ZN5stm323Pin9togglePinEv
                0x00000000080053e0        0x8 ./Core/Src/Pin.o
 .ARM.exidx.text._ZN5stm323PinntEv
                0x00000000080053e8        0x8 ./Core/Src/Pin.o
 .ARM.exidx.text._ZN5stm323Pin7readPinEv
                0x00000000080053f0        0x8 ./Core/Src/Pin.o
 .ARM.exidx.text._ZN5stm323PinD2Ev
                0x00000000080053f8        0x8 ./Core/Src/Pin.o
 .ARM.exidx.text._ZN5stm323PinD0Ev
                0x0000000008005400        0x0 ./Core/Src/Pin.o
                                          0x8 (size before relaxing)
 .ARM.exidx.text._ZN5stm327PinListC2EPNS_3PinEi
                0x0000000008005400        0x0 ./Core/Src/PinList.o
                                          0x8 (size before relaxing)
 .ARM.exidx.text._ZN5stm327PinList9setPinMapEPNS_3PinE
                0x0000000008005400        0x0 ./Core/Src/PinList.o
                                          0x8 (size before relaxing)
 .ARM.exidx.text._ZN5stm327PinList9getPinMapEv
                0x0000000008005400        0x0 ./Core/Src/PinList.o
                                          0x8 (size before relaxing)
 .ARM.exidx.text._ZN5stm327PinList10setSizeMapEi
                0x0000000008005400        0x0 ./Core/Src/PinList.o
                                          0x8 (size before relaxing)
 .ARM.exidx.text._ZN5stm327PinList10getSizeMapEv
                0x0000000008005400        0x0 ./Core/Src/PinList.o
                                          0x8 (size before relaxing)
 .ARM.exidx.text._ZN5stm327PinList8writeMapEP5State
                0x0000000008005400        0x8 ./Core/Src/PinList.o
 .ARM.exidx.text._ZN5stm327PinListaSEP5State
                0x0000000008005408        0x8 ./Core/Src/PinList.o
 .ARM.exidx.text._ZN5stm327PinList14readMapWithKeyEi
                0x0000000008005410        0x8 ./Core/Src/PinList.o
 .ARM.exidx.text._ZN5stm327PinListixEi
                0x0000000008005418        0x8 ./Core/Src/PinList.o
 .ARM.exidx.text._ZN5stm327PinListD2Ev
                0x0000000008005420        0x8 ./Core/Src/PinList.o
 .ARM.exidx.text._ZN5stm327PinListD0Ev
                0x0000000008005428        0x0 ./Core/Src/PinList.o
                                          0x8 (size before relaxing)
 .ARM.exidx.text._ZN5stm324PortC2Ev
                0x0000000008005428        0x8 ./Core/Src/Port.o
 .ARM.exidx.text._ZN5stm324Port7setPortEP12GPIO_TypeDef
                0x0000000008005430        0x8 ./Core/Src/Port.o
 .ARM.exidx.text._ZN5stm324Port7getPortEv
                0x0000000008005438        0x0 ./Core/Src/Port.o
                                          0x8 (size before relaxing)
 .ARM.exidx.text._ZN5stm324Port9writePortEt
                0x0000000008005438        0x0 ./Core/Src/Port.o
                                          0x8 (size before relaxing)
 .ARM.exidx.text._ZN5stm324PortaSEt
                0x0000000008005438        0x0 ./Core/Src/Port.o
                                          0x8 (size before relaxing)
 .ARM.exidx.text._ZN5stm324Port10togglePortEv
                0x0000000008005438        0x0 ./Core/Src/Port.o
                                          0x8 (size before relaxing)
 .ARM.exidx.text._ZN5stm324PortntEv
                0x0000000008005438        0x0 ./Core/Src/Port.o
                                          0x8 (size before relaxing)
 .ARM.exidx.text._ZN5stm324PortD2Ev
                0x0000000008005438        0x0 ./Core/Src/Port.o
                                          0x8 (size before relaxing)
 .ARM.exidx.text._ZN5stm324PortD0Ev
                0x0000000008005438        0x0 ./Core/Src/Port.o
                                          0x8 (size before relaxing)
 .ARM.exidx.text._ZN5stm3210PeripheralC2ERKS0_
                0x0000000008005438        0x0 ./Core/Src/main.o
                                          0x8 (size before relaxing)
 .ARM.exidx.text._ZN5stm324GPIOC2ERKS0_
                0x0000000008005438        0x0 ./Core/Src/main.o
                                          0x8 (size before relaxing)
 .ARM.exidx.text._ZN5stm324PortC2ERKS0_
                0x0000000008005438        0x0 ./Core/Src/main.o
                                          0x8 (size before relaxing)
 .ARM.exidx.text._ZN5stm323PinC2ERKS0_
                0x0000000008005438        0x0 ./Core/Src/main.o
                                          0x8 (size before relaxing)
 .ARM.exidx.text.main
                0x0000000008005438        0x8 ./Core/Src/main.o
 .ARM.exidx.text._Z18SystemClock_Configv
                0x0000000008005440        0x8 ./Core/Src/main.o
 .ARM.exidx.text.Error_Handler
                0x0000000008005448        0x8 ./Core/Src/main.o
 .ARM.exidx     0x0000000008005300       0x80 c:/st/stm32cubeide_1.11.2/stm32cubeide/plugins/com.st.stm32cube.ide.mcu.externaltools.gnu-tools-for-stm32.10.3-2021.10.win32_1.0.100.202210260954/tools/bin/../lib/gcc/arm-none-eabi/10.3.1/thumb/v7e-m+fp/hard\libgcc.a(unwind-arm.o)
                                         0xd8 (size before relaxing)
 .ARM.exidx     0x0000000008005380       0x30 c:/st/stm32cubeide_1.11.2/stm32cubeide/plugins/com.st.stm32cube.ide.mcu.externaltools.gnu-tools-for-stm32.10.3-2021.10.win32_1.0.100.202210260954/tools/bin/../lib/gcc/arm-none-eabi/10.3.1/thumb/v7e-m+fp/hard\libgcc.a(pr-support.o)
                                         0x38 (size before relaxing)
 .ARM.exidx.text.unlikely
                0x0000000008005450        0x0 c:/st/stm32cubeide_1.11.2/stm32cubeide/plugins/com.st.stm32cube.ide.mcu.externaltools.gnu-tools-for-stm32.10.3-2021.10.win32_1.0.100.202210260954/tools/bin/../lib/gcc/arm-none-eabi/10.3.1/thumb/v7e-m+fp/hard\libgcc.a(pr-support.o)
                                         0x10 (size before relaxing)
                0x0000000008005450                __exidx_end = .
                0x0000000008005450                . = ALIGN (0x4)

.rel.dyn        0x0000000008005450        0x0
 .rel.iplt      0x0000000008005450        0x0 c:/st/stm32cubeide_1.11.2/stm32cubeide/plugins/com.st.stm32cube.ide.mcu.externaltools.gnu-tools-for-stm32.10.3-2021.10.win32_1.0.100.202210260954/tools/bin/../lib/gcc/arm-none-eabi/10.3.1/thumb/v7e-m+fp/hard/crtbegin.o

.preinit_array  0x0000000008005450        0x0
                0x0000000008005450                . = ALIGN (0x4)
                0x0000000008005450                PROVIDE (__preinit_array_start = .)
 *(.preinit_array*)
                0x0000000008005450                PROVIDE (__preinit_array_end = .)
                0x0000000008005450                . = ALIGN (0x4)

.init_array     0x0000000008005450        0x8
                0x0000000008005450                . = ALIGN (0x4)
                0x0000000008005450                PROVIDE (__init_array_start = .)
 *(SORT_BY_NAME(.init_array.*))
 *(.init_array*)
 .init_array    0x0000000008005450        0x4 c:/st/stm32cubeide_1.11.2/stm32cubeide/plugins/com.st.stm32cube.ide.mcu.externaltools.gnu-tools-for-stm32.10.3-2021.10.win32_1.0.100.202210260954/tools/bin/../lib/gcc/arm-none-eabi/10.3.1/thumb/v7e-m+fp/hard/crtbegin.o
 .init_array    0x0000000008005454        0x4 c:/st/stm32cubeide_1.11.2/stm32cubeide/plugins/com.st.stm32cube.ide.mcu.externaltools.gnu-tools-for-stm32.10.3-2021.10.win32_1.0.100.202210260954/tools/bin/../lib/gcc/arm-none-eabi/10.3.1/../../../../arm-none-eabi/lib/thumb/v7e-m+fp/hard\libstdc++_nano.a(eh_alloc.o)
                0x0000000008005458                PROVIDE (__init_array_end = .)
                0x0000000008005458                . = ALIGN (0x4)

.fini_array     0x0000000008005458        0x4
                0x0000000008005458                . = ALIGN (0x4)
                [!provide]                        PROVIDE (__fini_array_start = .)
 *(SORT_BY_NAME(.fini_array.*))
 *(.fini_array*)
 .fini_array    0x0000000008005458        0x4 c:/st/stm32cubeide_1.11.2/stm32cubeide/plugins/com.st.stm32cube.ide.mcu.externaltools.gnu-tools-for-stm32.10.3-2021.10.win32_1.0.100.202210260954/tools/bin/../lib/gcc/arm-none-eabi/10.3.1/thumb/v7e-m+fp/hard/crtbegin.o
                [!provide]                        PROVIDE (__fini_array_end = .)
                0x000000000800545c                . = ALIGN (0x4)
                0x000000000800545c                _sidata = LOADADDR (.data)

.data           0x0000000020000000       0x78 load address 0x000000000800545c
                0x0000000020000000                . = ALIGN (0x4)
                0x0000000020000000                _sdata = .
 *(.data)
 *(.data*)
 .data.SystemCoreClock
                0x0000000020000000        0x4 ./Core/Src/system_stm32f3xx.o
                0x0000000020000000                SystemCoreClock
 .data.uwTickPrio
                0x0000000020000004        0x4 ./Drivers/STM32F3xx_HAL_Driver/Src/stm32f3xx_hal.o
                0x0000000020000004                uwTickPrio
 .data.uwTickFreq
                0x0000000020000008        0x1 ./Drivers/STM32F3xx_HAL_Driver/Src/stm32f3xx_hal.o
                0x0000000020000008                uwTickFreq
 *fill*         0x0000000020000009        0x3 
 .data._ZN10__cxxabiv120__unexpected_handlerE
                0x000000002000000c        0x4 c:/st/stm32cubeide_1.11.2/stm32cubeide/plugins/com.st.stm32cube.ide.mcu.externaltools.gnu-tools-for-stm32.10.3-2021.10.win32_1.0.100.202210260954/tools/bin/../lib/gcc/arm-none-eabi/10.3.1/../../../../arm-none-eabi/lib/thumb/v7e-m+fp/hard\libstdc++_nano.a(eh_unex_handler.o)
                0x000000002000000c                __cxxabiv1::__unexpected_handler
 .data._ZN10__cxxabiv119__terminate_handlerE
                0x0000000020000010        0x4 c:/st/stm32cubeide_1.11.2/stm32cubeide/plugins/com.st.stm32cube.ide.mcu.externaltools.gnu-tools-for-stm32.10.3-2021.10.win32_1.0.100.202210260954/tools/bin/../lib/gcc/arm-none-eabi/10.3.1/../../../../arm-none-eabi/lib/thumb/v7e-m+fp/hard\libstdc++_nano.a(eh_term_handler.o)
                0x0000000020000010                __cxxabiv1::__terminate_handler
 .data._impure_ptr
                0x0000000020000014        0x4 c:/st/stm32cubeide_1.11.2/stm32cubeide/plugins/com.st.stm32cube.ide.mcu.externaltools.gnu-tools-for-stm32.10.3-2021.10.win32_1.0.100.202210260954/tools/bin/../lib/gcc/arm-none-eabi/10.3.1/../../../../arm-none-eabi/lib/thumb/v7e-m+fp/hard\libc_nano.a(lib_a-impure.o)
                0x0000000020000014                _impure_ptr
 .data.impure_data
                0x0000000020000018       0x60 c:/st/stm32cubeide_1.11.2/stm32cubeide/plugins/com.st.stm32cube.ide.mcu.externaltools.gnu-tools-for-stm32.10.3-2021.10.win32_1.0.100.202210260954/tools/bin/../lib/gcc/arm-none-eabi/10.3.1/../../../../arm-none-eabi/lib/thumb/v7e-m+fp/hard\libc_nano.a(lib_a-impure.o)
 *(.RamFunc)
 *(.RamFunc*)
                0x0000000020000078                . = ALIGN (0x4)
                0x0000000020000078                _edata = .
                0x00000000080054d4                _siccmram = LOADADDR (.ccmram)

.igot.plt       0x0000000020000078        0x0 load address 0x00000000080054d4
 .igot.plt      0x0000000020000078        0x0 c:/st/stm32cubeide_1.11.2/stm32cubeide/plugins/com.st.stm32cube.ide.mcu.externaltools.gnu-tools-for-stm32.10.3-2021.10.win32_1.0.100.202210260954/tools/bin/../lib/gcc/arm-none-eabi/10.3.1/thumb/v7e-m+fp/hard/crtbegin.o

.ccmram         0x0000000010000000        0x0 load address 0x00000000080054d4
                0x0000000010000000                . = ALIGN (0x4)
                0x0000000010000000                _sccmram = .
 *(.ccmram)
 *(.ccmram*)
                0x0000000010000000                . = ALIGN (0x4)
                0x0000000010000000                _eccmram = .
                0x0000000010000000                . = ALIGN (0x4)

.bss            0x0000000020000078      0x3f8
                0x0000000020000078                _sbss = .
                0x0000000020000078                __bss_start__ = _sbss
 *(.bss)
 .bss           0x0000000020000078       0x1c c:/st/stm32cubeide_1.11.2/stm32cubeide/plugins/com.st.stm32cube.ide.mcu.externaltools.gnu-tools-for-stm32.10.3-2021.10.win32_1.0.100.202210260954/tools/bin/../lib/gcc/arm-none-eabi/10.3.1/thumb/v7e-m+fp/hard/crtbegin.o
 *(.bss*)
 .bss.hi2c1     0x0000000020000094       0x54 ./Core/Src/i2c.o
                0x0000000020000094                hi2c1
 .bss.a         0x00000000200000e8        0x4 ./Core/Src/main.o
                0x00000000200000e8                a
 .bss.hspi1     0x00000000200000ec       0x64 ./Core/Src/spi.o
                0x00000000200000ec                hspi1
 .bss.__sbrk_heap_end
                0x0000000020000150        0x4 ./Core/Src/sysmem.o
 .bss.hpcd_USB_FS
                0x0000000020000154      0x2ec ./Core/Src/usb.o
                0x0000000020000154                hpcd_USB_FS
 .bss.uwTick    0x0000000020000440        0x4 ./Drivers/STM32F3xx_HAL_Driver/Src/stm32f3xx_hal.o
                0x0000000020000440                uwTick
 .bss._ZN12_GLOBAL__N_114emergency_poolE
                0x0000000020000444       0x10 c:/st/stm32cubeide_1.11.2/stm32cubeide/plugins/com.st.stm32cube.ide.mcu.externaltools.gnu-tools-for-stm32.10.3-2021.10.win32_1.0.100.202210260954/tools/bin/../lib/gcc/arm-none-eabi/10.3.1/../../../../arm-none-eabi/lib/thumb/v7e-m+fp/hard\libstdc++_nano.a(eh_alloc.o)
 .bss._ZL10eh_globals
                0x0000000020000454        0xc c:/st/stm32cubeide_1.11.2/stm32cubeide/plugins/com.st.stm32cube.ide.mcu.externaltools.gnu-tools-for-stm32.10.3-2021.10.win32_1.0.100.202210260954/tools/bin/../lib/gcc/arm-none-eabi/10.3.1/../../../../arm-none-eabi/lib/thumb/v7e-m+fp/hard\libstdc++_nano.a(eh_globals.o)
 .bss.__malloc_free_list
                0x0000000020000460        0x4 c:/st/stm32cubeide_1.11.2/stm32cubeide/plugins/com.st.stm32cube.ide.mcu.externaltools.gnu-tools-for-stm32.10.3-2021.10.win32_1.0.100.202210260954/tools/bin/../lib/gcc/arm-none-eabi/10.3.1/../../../../arm-none-eabi/lib/thumb/v7e-m+fp/hard\libc_nano.a(lib_a-nano-mallocr.o)
                0x0000000020000460                __malloc_free_list
 .bss.__malloc_sbrk_start
                0x0000000020000464        0x4 c:/st/stm32cubeide_1.11.2/stm32cubeide/plugins/com.st.stm32cube.ide.mcu.externaltools.gnu-tools-for-stm32.10.3-2021.10.win32_1.0.100.202210260954/tools/bin/../lib/gcc/arm-none-eabi/10.3.1/../../../../arm-none-eabi/lib/thumb/v7e-m+fp/hard\libc_nano.a(lib_a-nano-mallocr.o)
                0x0000000020000464                __malloc_sbrk_start
 .bss.errno     0x0000000020000468        0x4 c:/st/stm32cubeide_1.11.2/stm32cubeide/plugins/com.st.stm32cube.ide.mcu.externaltools.gnu-tools-for-stm32.10.3-2021.10.win32_1.0.100.202210260954/tools/bin/../lib/gcc/arm-none-eabi/10.3.1/../../../../arm-none-eabi/lib/thumb/v7e-m+fp/hard\libc_nano.a(lib_a-reent.o)
                0x0000000020000468                errno
 .bss.__lock___malloc_recursive_mutex
                0x000000002000046c        0x1 c:/st/stm32cubeide_1.11.2/stm32cubeide/plugins/com.st.stm32cube.ide.mcu.externaltools.gnu-tools-for-stm32.10.3-2021.10.win32_1.0.100.202210260954/tools/bin/../lib/gcc/arm-none-eabi/10.3.1/../../../../arm-none-eabi/lib/thumb/v7e-m+fp/hard\libc_nano.a(lib_a-lock.o)
                0x000000002000046c                __lock___malloc_recursive_mutex
 *(COMMON)
                0x0000000020000470                . = ALIGN (0x4)
 *fill*         0x000000002000046d        0x3 
                0x0000000020000470                _ebss = .
                0x0000000020000470                __bss_end__ = _ebss

._user_heap_stack
                0x0000000020000470      0xc00
                0x0000000020000470                . = ALIGN (0x8)
                [!provide]                        PROVIDE (end = .)
                0x0000000020000470                PROVIDE (_end = .)
                0x0000000020000870                . = (. + _Min_Heap_Size)
 *fill*         0x0000000020000470      0x400 
                0x0000000020001070                . = (. + _Min_Stack_Size)
 *fill*         0x0000000020000870      0x800 
                0x0000000020001070                . = ALIGN (0x8)

/DISCARD/
 libc.a(*)
 libm.a(*)
 libgcc.a(*)

.ARM.attributes
                0x0000000000000000       0x30
 *(.ARM.attributes)
 .ARM.attributes
                0x0000000000000000       0x1e c:/st/stm32cubeide_1.11.2/stm32cubeide/plugins/com.st.stm32cube.ide.mcu.externaltools.gnu-tools-for-stm32.10.3-2021.10.win32_1.0.100.202210260954/tools/bin/../lib/gcc/arm-none-eabi/10.3.1/thumb/v7e-m+fp/hard/crti.o
 .ARM.attributes
                0x000000000000001e       0x34 c:/st/stm32cubeide_1.11.2/stm32cubeide/plugins/com.st.stm32cube.ide.mcu.externaltools.gnu-tools-for-stm32.10.3-2021.10.win32_1.0.100.202210260954/tools/bin/../lib/gcc/arm-none-eabi/10.3.1/thumb/v7e-m+fp/hard/crtbegin.o
 .ARM.attributes
                0x0000000000000052       0x34 ./Core/Src/GPIO_.o
 .ARM.attributes
                0x0000000000000086       0x34 ./Core/Src/Peripheral.o
 .ARM.attributes
                0x00000000000000ba       0x34 ./Core/Src/Pin.o
 .ARM.attributes
                0x00000000000000ee       0x34 ./Core/Src/PinList.o
 .ARM.attributes
                0x0000000000000122       0x34 ./Core/Src/Port.o
 .ARM.attributes
                0x0000000000000156       0x34 ./Core/Src/gpio.o
 .ARM.attributes
                0x000000000000018a       0x34 ./Core/Src/i2c.o
 .ARM.attributes
                0x00000000000001be       0x34 ./Core/Src/main.o
 .ARM.attributes
                0x00000000000001f2       0x34 ./Core/Src/spi.o
 .ARM.attributes
                0x0000000000000226       0x34 ./Core/Src/stm32f3xx_hal_msp.o
 .ARM.attributes
                0x000000000000025a       0x34 ./Core/Src/stm32f3xx_it.o
 .ARM.attributes
                0x000000000000028e       0x34 ./Core/Src/syscalls.o
 .ARM.attributes
                0x00000000000002c2       0x34 ./Core/Src/sysmem.o
 .ARM.attributes
                0x00000000000002f6       0x34 ./Core/Src/system_stm32f3xx.o
 .ARM.attributes
                0x000000000000032a       0x34 ./Core/Src/usb.o
 .ARM.attributes
                0x000000000000035e       0x21 ./Core/Startup/startup_stm32f303vctx.o
 .ARM.attributes
                0x000000000000037f       0x34 ./Drivers/STM32F3xx_HAL_Driver/Src/stm32f3xx_hal.o
 .ARM.attributes
                0x00000000000003b3       0x34 ./Drivers/STM32F3xx_HAL_Driver/Src/stm32f3xx_hal_cortex.o
 .ARM.attributes
                0x00000000000003e7       0x34 ./Drivers/STM32F3xx_HAL_Driver/Src/stm32f3xx_hal_gpio.o
 .ARM.attributes
                0x000000000000041b       0x34 ./Drivers/STM32F3xx_HAL_Driver/Src/stm32f3xx_hal_i2c.o
 .ARM.attributes
                0x000000000000044f       0x34 ./Drivers/STM32F3xx_HAL_Driver/Src/stm32f3xx_hal_i2c_ex.o
 .ARM.attributes
                0x0000000000000483       0x34 ./Drivers/STM32F3xx_HAL_Driver/Src/stm32f3xx_hal_pcd.o
 .ARM.attributes
                0x00000000000004b7       0x34 ./Drivers/STM32F3xx_HAL_Driver/Src/stm32f3xx_hal_rcc.o
 .ARM.attributes
                0x00000000000004eb       0x34 ./Drivers/STM32F3xx_HAL_Driver/Src/stm32f3xx_hal_rcc_ex.o
 .ARM.attributes
                0x000000000000051f       0x34 ./Drivers/STM32F3xx_HAL_Driver/Src/stm32f3xx_hal_spi.o
 .ARM.attributes
                0x0000000000000553       0x34 ./Drivers/STM32F3xx_HAL_Driver/Src/stm32f3xx_ll_usb.o
 .ARM.attributes
                0x0000000000000587       0x34 c:/st/stm32cubeide_1.11.2/stm32cubeide/plugins/com.st.stm32cube.ide.mcu.externaltools.gnu-tools-for-stm32.10.3-2021.10.win32_1.0.100.202210260954/tools/bin/../lib/gcc/arm-none-eabi/10.3.1/../../../../arm-none-eabi/lib/thumb/v7e-m+fp/hard\libstdc++_nano.a(del_ops.o)
 .ARM.attributes
                0x00000000000005bb       0x34 c:/st/stm32cubeide_1.11.2/stm32cubeide/plugins/com.st.stm32cube.ide.mcu.externaltools.gnu-tools-for-stm32.10.3-2021.10.win32_1.0.100.202210260954/tools/bin/../lib/gcc/arm-none-eabi/10.3.1/../../../../arm-none-eabi/lib/thumb/v7e-m+fp/hard\libstdc++_nano.a(eh_alloc.o)
 .ARM.attributes
                0x00000000000005ef       0x34 c:/st/stm32cubeide_1.11.2/stm32cubeide/plugins/com.st.stm32cube.ide.mcu.externaltools.gnu-tools-for-stm32.10.3-2021.10.win32_1.0.100.202210260954/tools/bin/../lib/gcc/arm-none-eabi/10.3.1/../../../../arm-none-eabi/lib/thumb/v7e-m+fp/hard\libstdc++_nano.a(eh_arm.o)
 .ARM.attributes