../Core/Src/Port.cpp:13:1:stm32::Port::Port()	16	static
../Core/Src/Port.cpp:16:1:stm32::Port::Port(GPIO_TypeDef*)	16	static
../Core/Src/Port.cpp:20:6:void stm32::Port::setPort(GPIO_TypeDef*)	16	static
../Core/Src/Port.cpp:24:15:GPIO_TypeDef* stm32::Port::getPort()	16	static
../Core/Src/Port.cpp:28:6:void stm32::Port::writePort(uint16_t)	24	static
../Core/Src/Port.cpp:32:6:virtual void stm32::Port::operator=(uint16_t)	16	static
../Core/Src/Port.cpp:36:6:void stm32::Port::togglePort()	24	static
../Core/Src/Port.cpp:40:6:virtual void stm32::Port::operator!()	16	static
../Core/Src/Port.cpp:44:6:void stm32::Port::togglePin(uint16_t)	24	static
../Core/Src/Port.cpp:48:6:void stm32::Port::operator!=(uint16_t)	16	static
../Core/Src/Port.cpp:52:7:State stm32::Port::readPin(uint8_t)	24	static
../Core/Src/Port.cpp:66:7:State stm32::Port::operator[](uint8_t)	16	static
../Core/Src/Port.cpp:70:10:uint16_t stm32::Port::readPort()	16	static
../Core/Src/Port.cpp:74:10:uint16_t stm32::Port::operator~()	16	static
../Core/Src/Port.cpp:78:1:stm32::Port::~Port()	16	static
../Core/Src/Port.cpp:78:1:virtual stm32::Port::~Port()	16	static
